<html>
<body>
<pre>
<h1>猩ision Build Log</h1>
<h2>Tool Versions:</h2>
IDE-Version: μVision V5.30.0.0
Copyright (C) 2020 ARM Ltd and ARM Germany GmbH. All rights reserved.
License Information: PU BOYU, NYCU, LIC=----
 
Tool Versions:
Toolchain:       MDK-Lite  Version: 5.30.0.0
Toolchain Path:  C:\Keil_v5\ARM\ARMCLANG\Bin
C Compiler:      ArmClang.exe V6.14
Assembler:       Armasm.exe V6.14
Linker/Locator:  ArmLink.exe V6.14
Library Manager: ArmAr.exe V6.14
Hex Converter:   FromElf.exe V6.14
CPU DLL:         SARMCM3.DLL V5.30.0.0
Dialog DLL:      DCM.DLL V1.17.3.0
Target DLL:      UL2CM3.DLL V1.163.3.0
Dialog DLL:      TCM.DLL V1.42.0.0
 
<h2>Project:</h2>
C:\Users\BOYU\OneDrive - 國立陽明交通大學\桌面\微算機\practices\final project\final_project.uvprojx
Project File Date:  06/23/2025

<h2>Output:</h2>
*** Using Compiler 'V6.14', folder: 'C:\Keil_v5\ARM\ARMCLANG\Bin'
Rebuild target 'Target 1'
compiling baseball.c...
compiling system_stm32f4xx.c...
compiling HardwareSystem_Ini.c...
compiling touch_module.c...
assembling startup_stm32f407xx.s...
compiling touch_functions.c...
compiling Driver_SPI.c...
compiling user_defined.c...
compiling stm32f4xx_fsmc.c...
source/main_Samp.c(127): warning: passing 'uint8_t *' (aka 'unsigned char *') to parameter of type 'char *' converts between pointers to integer types with different sign [-Wpointer-sign]
    LCD_DisplayStringAt(btnX + 40, btnY + 12, (uint8_t *)"START", LEFT_MODE);
                                              ^~~~~~~~~~~~~~~~~~
./GLCD\stm324xg_lcd_sklin.h(275): note: passing argument to parameter 'Text' here
        void LCD_DisplayStringAt(uint16_t Xpos, uint16_t Ypos, char* Text, Line_ModeTypdef Mode);
                                                                     ^
1 warning generated.
compiling main_Samp.c...
source/game.c(194): warning: passing 'uint8_t *' (aka 'unsigned char *') to parameter of type 'char *' converts between pointers to integer types with different sign [-Wpointer-sign]
    LCD_DisplayStringAt(62, 204,  (uint8_t*)"YES", LEFT_MODE);
                                  ^~~~~~~~~~~~~~~
./GLCD\stm324xg_lcd_sklin.h(275): note: passing argument to parameter 'Text' here
        void LCD_DisplayStringAt(uint16_t Xpos, uint16_t Ypos, char* Text, Line_ModeTypdef Mode);
                                                                     ^
source/game.c(196): warning: passing 'uint8_t *' (aka 'unsigned char *') to parameter of type 'char *' converts between pointers to integer types with different sign [-Wpointer-sign]
    LCD_DisplayStringAt(202,204,  (uint8_t*)"NO",  LEFT_MODE);
                                  ^~~~~~~~~~~~~~
./GLCD\stm324xg_lcd_sklin.h(275): note: passing argument to parameter 'Text' here
        void LCD_DisplayStringAt(uint16_t Xpos, uint16_t Ypos, char* Text, Line_ModeTypdef Mode);
                                                                     ^
source/game.c(333): warning: passing 'uint8_t *' (aka 'unsigned char *') to parameter of type 'char *' converts between pointers to integer types with different sign [-Wpointer-sign]
    LCD_DisplayStringAt(text_x - 10, text_y, (uint8_t *)"START", LEFT_MODE);
                                             ^~~~~~~~~~~~~~~~~~
./GLCD\stm324xg_lcd_sklin.h(275): note: passing argument to parameter 'Text' here
        void LCD_DisplayStringAt(uint16_t Xpos, uint16_t Ypos, char* Text, Line_ModeTypdef Mode);
                                                                     ^
source/game.c(682): warning: passing 'uint8_t *' (aka 'unsigned char *') to parameter of type 'char *' converts between pointers to integer types with different sign [-Wpointer-sign]
    LCD_DisplayStringAt(100, 92, (uint8_t *)"PK MODE", LEFT_MODE);
                                 ^~~~~~~~~~~~~~~~~~~~
./GLCD\stm324xg_lcd_sklin.h(275): note: passing argument to parameter 'Text' here
        void LCD_DisplayStringAt(uint16_t Xpos, uint16_t Ypos, char* Text, Line_ModeTypdef Mode);
                                                                     ^
source/game.c(686): warning: passing 'uint8_t *' (aka 'unsigned char *') to parameter of type 'char *' converts between pointers to integer types with different sign [-Wpointer-sign]
    LCD_DisplayStringAt(82, 156, (uint8_t *)"HR DERBY", LEFT_MODE);
                                 ^~~~~~~~~~~~~~~~~~~~~
./GLCD\stm324xg_lcd_sklin.h(275): note: passing argument to parameter 'Text' here
        void LCD_DisplayStringAt(uint16_t Xpos, uint16_t Ypos, char* Text, Line_ModeTypdef Mode);
                                                                     ^
5 warnings generated.
compiling game.c...
compiling stm324xg_lcd_ILI9328.c...
linking...
Program Size: Code=13792 RO-data=18456 RW-data=80 ZI-data=2120  
".\Objects\Touch_Samp.axf" - 0 Error(s), 6 Warning(s).

<h2>Software Packages used:</h2>

Package Vendor: ARM
                https://www.keil.com/pack/ARM.CMSIS.6.1.0.pack
                ARM.CMSIS.6.1.0
                CMSIS (Common Microcontroller Software Interface Standard)
   * Component: CORE Version: 6.1.0

Package Vendor: Keil
                https://www.keil.com/pack/Keil.STM32F4xx_DFP.2.17.1.pack
                Keil.STM32F4xx_DFP.2.17.1
                STMicroelectronics STM32F4 Series Device Support, Drivers and Examples
   * Component: Startup Version: 2.6.3

<h2>Collection of Component include folders:</h2>
  .\RTE\_Target_1
  C:\Keil_v5\Local\Arm\Packs\ARM\CMSIS\6.1.0\CMSIS\Core\Include
  C:\Keil_v5\Local\Arm\Packs\Keil\STM32F4xx_DFP\2.17.1\Drivers\CMSIS\Device\ST\STM32F4xx\Include

<h2>Collection of Component Files used:</h2>

   * Component: ARM::CMSIS:CORE:6.1.0

   * Component: Keil::Device:Startup:2.6.3
      Source file:   MDK\Device\Source\ARM\STM32F4xx_OTP.s
      Source file:   MDK\Device\Source\ARM\STM32F40xxx_41xxx_OPT.s
      Include file:  Drivers\CMSIS\Device\ST\STM32F4xx\Include\stm32f4xx.h
      Source file:   Drivers\CMSIS\Device\ST\STM32F4xx\Source\Templates\arm\startup_stm32f407xx.s
      Source file:   Drivers\CMSIS\Device\ST\STM32F4xx\Source\Templates\system_stm32f4xx.c
Build Time Elapsed:  00:00:01
</pre>
</body>
</html>
