Component: ARM Compiler 6.14 Tool: armlink [5db06800]

==============================================================================

Section Cross References

    hardwaresystem_ini.o(.ARM.exidx.text.SystemInit) refers to hardwaresystem_ini.o(.text.SystemInit) for [Anonymous Symbol]
    hardwaresystem_ini.o(.ARM.exidx.text.stm32_Get_PreempPrioBits) refers to hardwaresystem_ini.o(.text.stm32_Get_PreempPrioBits) for [Anonymous Symbol]
    hardwaresystem_ini.o(.ARM.exidx.text.HAL_RCC_GetSysClockFreq) refers to hardwaresystem_ini.o(.text.HAL_RCC_GetSysClockFreq) for [Anonymous Symbol]
    hardwaresystem_ini.o(.text.stm32f4_Hardware_Init) refers to hardwaresystem_ini.o(.text.HAL_RCC_GetSysClockFreq) for HAL_RCC_GetSysClockFreq
    hardwaresystem_ini.o(.text.stm32f4_Hardware_Init) refers to hardwaresystem_ini.o(.text.my_getHCLKFreq) for my_getHCLKFreq
    hardwaresystem_ini.o(.text.stm32f4_Hardware_Init) refers to hardwaresystem_ini.o(.text.my_getPCLKx_Freq) for my_getPCLKx_Freq
    hardwaresystem_ini.o(.text.stm32f4_Hardware_Init) refers to hardwaresystem_ini.o(.bss..L_MergedGlobals) for [Anonymous Symbol]
    hardwaresystem_ini.o(.ARM.exidx.text.stm32f4_Hardware_Init) refers to hardwaresystem_ini.o(.text.stm32f4_Hardware_Init) for [Anonymous Symbol]
    hardwaresystem_ini.o(.text.my_getPCLKx_Freq) refers to hardwaresystem_ini.o(.bss..L_MergedGlobals) for [Anonymous Symbol]
    hardwaresystem_ini.o(.ARM.exidx.text.my_getPCLKx_Freq) refers to hardwaresystem_ini.o(.text.my_getPCLKx_Freq) for [Anonymous Symbol]
    hardwaresystem_ini.o(.text.my_getHCLKFreq) refers to hardwaresystem_ini.o(.bss..L_MergedGlobals) for [Anonymous Symbol]
    hardwaresystem_ini.o(.ARM.exidx.text.my_getHCLKFreq) refers to hardwaresystem_ini.o(.text.my_getHCLKFreq) for [Anonymous Symbol]
    user_defined.o(.text.SysTick_Handler) refers to user_defined.o(.text.Debounce) for Debounce
    user_defined.o(.text.SysTick_Handler) refers to user_defined.o(.text.HoldCheck_per_4ms) for HoldCheck_per_4ms
    user_defined.o(.text.SysTick_Handler) refers to user_defined.o(.bss..L_MergedGlobals) for [Anonymous Symbol]
    user_defined.o(.ARM.exidx.text.SysTick_Handler) refers to user_defined.o(.text.SysTick_Handler) for [Anonymous Symbol]
    user_defined.o(.text.delay_ms) refers to user_defined.o(.bss..L_MergedGlobals) for [Anonymous Symbol]
    user_defined.o(.ARM.exidx.text.delay_ms) refers to user_defined.o(.text.delay_ms) for [Anonymous Symbol]
    user_defined.o(.text.hold_key_ms) refers to user_defined.o(.text.delay_ms) for delay_ms
    user_defined.o(.text.hold_key_ms) refers to user_defined.o(.bss..L_MergedGlobals) for [Anonymous Symbol]
    user_defined.o(.ARM.exidx.text.hold_key_ms) refers to user_defined.o(.text.hold_key_ms) for [Anonymous Symbol]
    user_defined.o(.text.FLASH_check_BUSY_bit) refers to user_defined.o(.bss..L_MergedGlobals) for [Anonymous Symbol]
    user_defined.o(.ARM.exidx.text.FLASH_check_BUSY_bit) refers to user_defined.o(.text.FLASH_check_BUSY_bit) for [Anonymous Symbol]
    user_defined.o(.text.User_FLASH_SectorErase) refers to user_defined.o(.text.FLASH_check_BUSY_bit) for FLASH_check_BUSY_bit
    user_defined.o(.ARM.exidx.text.User_FLASH_SectorErase) refers to user_defined.o(.text.User_FLASH_SectorErase) for [Anonymous Symbol]
    user_defined.o(.text.User_FLASH_beforeWRITE) refers to user_defined.o(.text.FLASH_check_BUSY_bit) for FLASH_check_BUSY_bit
    user_defined.o(.ARM.exidx.text.User_FLASH_beforeWRITE) refers to user_defined.o(.text.User_FLASH_beforeWRITE) for [Anonymous Symbol]
    user_defined.o(.text.Debounce) refers to user_defined.o(.bss..L_MergedGlobals) for [Anonymous Symbol]
    user_defined.o(.ARM.exidx.text.Debounce) refers to user_defined.o(.text.Debounce) for [Anonymous Symbol]
    user_defined.o(.text.EXTI0_IRQHandler) refers to user_defined.o(.bss..L_MergedGlobals) for [Anonymous Symbol]
    user_defined.o(.ARM.exidx.text.EXTI0_IRQHandler) refers to user_defined.o(.text.EXTI0_IRQHandler) for [Anonymous Symbol]
    user_defined.o(.text.cancel_EXTI_ms) refers to user_defined.o(.bss..L_MergedGlobals) for [Anonymous Symbol]
    user_defined.o(.ARM.exidx.text.cancel_EXTI_ms) refers to user_defined.o(.text.cancel_EXTI_ms) for [Anonymous Symbol]
    user_defined.o(.text.hold_EXTI_ms) refers to user_defined.o(.bss..L_MergedGlobals) for [Anonymous Symbol]
    user_defined.o(.ARM.exidx.text.hold_EXTI_ms) refers to user_defined.o(.text.hold_EXTI_ms) for [Anonymous Symbol]
    user_defined.o(.text.get_ButtonHoldState) refers to user_defined.o(.bss..L_MergedGlobals) for [Anonymous Symbol]
    user_defined.o(.ARM.exidx.text.get_ButtonHoldState) refers to user_defined.o(.text.get_ButtonHoldState) for [Anonymous Symbol]
    user_defined.o(.text.HoldCheck_per_4ms) refers to user_defined.o(.bss..L_MergedGlobals) for [Anonymous Symbol]
    user_defined.o(.ARM.exidx.text.HoldCheck_per_4ms) refers to user_defined.o(.text.HoldCheck_per_4ms) for [Anonymous Symbol]
[...]
    GPIO_outPPhigh                           0x080013d1   Thumb Code   144  stm324xg_lcd_ili9328.o(.text.GPIO_outPPhigh)
    [Anonymous Symbol]                       0x080013d0   Section        0  stm324xg_lcd_ili9328.o(.text.GPIO_outPPhigh)
    __arm_cp.10_0                            0x08001458   Number         4  stm324xg_lcd_ili9328.o(.text.GPIO_outPPhigh)
    __arm_cp.10_1                            0x0800145c   Number         4  stm324xg_lcd_ili9328.o(.text.GPIO_outPPhigh)
    [Anonymous Symbol]                       0x08001460   Section        0  game.o(.text.GameLoop)
    __arm_cp.19_0                            0x08001670   Number         4  game.o(.text.GameLoop)
    __arm_cp.19_1                            0x08001674   Number         4  game.o(.text.GameLoop)
    __arm_cp.19_4                            0x0800168c   Number         4  game.o(.text.GameLoop)
    __arm_cp.19_5                            0x08001690   Number         4  game.o(.text.GameLoop)
    __arm_cp.19_6                            0x08001694   Number         4  game.o(.text.GameLoop)
    __arm_cp.19_7                            0x08001698   Number         4  game.o(.text.GameLoop)
    __arm_cp.19_9                            0x080016ac   Number         4  game.o(.text.GameLoop)
    GetBGColor                               0x080016c5   Thumb Code    48  main_samp.o(.text.GetBGColor)
    [Anonymous Symbol]                       0x080016c4   Section        0  main_samp.o(.text.GetBGColor)
    [Anonymous Symbol]                       0x080016f4   Section        0  hardwaresystem_ini.o(.text.HAL_RCC_GetSysClockFreq)
    __arm_cp.2_0                             0x08001738   Number         4  hardwaresystem_ini.o(.text.HAL_RCC_GetSysClockFreq)
    __arm_cp.2_1                             0x0800173c   Number         4  hardwaresystem_ini.o(.text.HAL_RCC_GetSysClockFreq)
    __arm_cp.2_2                             0x08001740   Number         4  hardwaresystem_ini.o(.text.HAL_RCC_GetSysClockFreq)
    [Anonymous Symbol]                       0x08001744   Section        0  user_defined.o(.text.HoldCheck_per_4ms)
    __arm_cp.11_0                            0x08001768   Number         4  user_defined.o(.text.HoldCheck_per_4ms)
    __arm_cp.11_1                            0x0800176c   Number         4  user_defined.o(.text.HoldCheck_per_4ms)
    [Anonymous Symbol]                       0x08001770   Section        0  stm324xg_lcd_ili9328.o(.text.ILI9328)
    __arm_cp.8_1                             0x08001940   Number         4  stm324xg_lcd_ili9328.o(.text.ILI9328)
    __arm_cp.8_2                             0x08001944   Number         4  stm324xg_lcd_ili9328.o(.text.ILI9328)
    [Anonymous Symbol]                       0x08001948   Section        0  game.o(.text.InitHRDerby)
    __arm_cp.18_0                            0x080019a0   Number         4  game.o(.text.InitHRDerby)
    __arm_cp.18_1                            0x080019a4   Number         4  game.o(.text.InitHRDerby)
    __arm_cp.18_2                            0x080019a8   Number         4  game.o(.text.InitHRDerby)
    __arm_cp.18_4                            0x080019b8   Number         4  game.o(.text.InitHRDerby)
    [Anonymous Symbol]                       0x080019bc   Section        0  game.o(.text.InitPKMode)
    __arm_cp.4_0                             0x080019ec   Number         4  game.o(.text.InitPKMode)
    __arm_cp.4_1                             0x080019f0   Number         4  game.o(.text.InitPKMode)
    __arm_cp.4_2                             0x080019f4   Number         4  game.o(.text.InitPKMode)
    __arm_cp.4_3                             0x080019f8   Number         4  game.o(.text.InitPKMode)
    [Anonymous Symbol]                       0x080019fc   Section        0  main_samp.o(.text.InitRandomSeed)
    __arm_cp.5_0                             0x08001a1c   Number         4  main_samp.o(.text.InitRandomSeed)
    [Anonymous Symbol]                       0x08001a20   Section        0  game.o(.text.IsStartPKPressed)
    [Anonymous Symbol]                       0x08001a54   Section        0  stm324xg_lcd_ili9328.o(.text.LCD_Clear)
    [Anonymous Symbol]                       0x08001a84   Section        0  stm324xg_lcd_ili9328.o(.text.LCD_DisplayDevID)
    __arm_cp.6_0                             0x08001aac   Number         4  stm324xg_lcd_ili9328.o(.text.LCD_DisplayDevID)
    [Anonymous Symbol]                       0x08001ac0   Section        0  stm324xg_lcd_ili9328.o(.text.LCD_DisplayOn)
    __arm_cp.15_1                            0x08001ad8   Number         4  stm324xg_lcd_ili9328.o(.text.LCD_DisplayOn)
    [Anonymous Symbol]                       0x08001adc   Section        0  stm324xg_lcd_ili9328.o(.text.LCD_DisplayStringAt)
    [Anonymous Symbol]                       0x08001b44   Section        0  stm324xg_lcd_ili9328.o(.text.LCD_DisplayStringLineCol)
    LCD_DisplayStringSegment                 0x08001b61   Thumb Code   224  stm324xg_lcd_ili9328.o(.text.LCD_DisplayStringSegment)
    [Anonymous Symbol]                       0x08001b60   Section        0  stm324xg_lcd_ili9328.o(.text.LCD_DisplayStringSegment)
    __arm_cp.27_0                            0x08001c3c   Number         4  stm324xg_lcd_ili9328.o(.text.LCD_DisplayStringSegment)
    [Anonymous Symbol]                       0x08001c40   Section        0  stm324xg_lcd_ili9328.o(.text.LCD_DrawHLine)
    [Anonymous Symbol]                       0x08001c84   Section        0  stm324xg_lcd_ili9328.o(.text.LCD_DrawPixel)
    [Anonymous Symbol]                       0x08001c98   Section        0  stm324xg_lcd_ili9328.o(.text.LCD_DrawRect)
    [Anonymous Symbol]                       0x08001cd4   Section        0  stm324xg_lcd_ili9328.o(.text.LCD_DrawVLine)
    __arm_cp.30_1                            0x08001d18   Number         4  stm324xg_lcd_ili9328.o(.text.LCD_DrawVLine)
    [Anonymous Symbol]                       0x08001d1c   Section        0  stm324xg_lcd_ili9328.o(.text.LCD_FSMCConfig)
    __arm_cp.2_0                             0x08001db8   Number         4  stm324xg_lcd_ili9328.o(.text.LCD_FSMCConfig)
    __arm_cp.2_1                             0x08001dbc   Number         4  stm324xg_lcd_ili9328.o(.text.LCD_FSMCConfig)
    [Anonymous Symbol]                       0x08001dc0   Section        0  stm324xg_lcd_ili9328.o(.text.LCD_FillCircle)
    [Anonymous Symbol]                       0x08001e68   Section        0  stm324xg_lcd_ili9328.o(.text.LCD_FillRect)
    __arm_cp.34_0                            0x08001ea0   Number         4  stm324xg_lcd_ili9328.o(.text.LCD_FillRect)
    __arm_cp.34_1                            0x08001ea4   Number         4  stm324xg_lcd_ili9328.o(.text.LCD_FillRect)
    [Anonymous Symbol]                       0x08001ea8   Section        0  stm324xg_lcd_ili9328.o(.text.LCD_Init)
    __arm_cp.9_1                             0x08001f50   Number         4  stm324xg_lcd_ili9328.o(.text.LCD_Init)
    __arm_cp.9_3                             0x08001f54   Number         4  stm324xg_lcd_ili9328.o(.text.LCD_Init)
    [Anonymous Symbol]                       0x08001f58   Section        0  stm324xg_lcd_ili9328.o(.text.LCD_OpenWin)
    __arm_cp.16_0                            0x08001fb4   Number         4  stm324xg_lcd_ili9328.o(.text.LCD_OpenWin)
    [Anonymous Symbol]                       0x08001fb8   Section        0  stm324xg_lcd_ili9328.o(.text.LCD_Pixel_Height)
    [Anonymous Symbol]                       0x08001fbc   Section        0  stm324xg_lcd_ili9328.o(.text.LCD_Pixel_Width)
    [Anonymous Symbol]                       0x08001fc4   Section        0  stm324xg_lcd_ili9328.o(.text.LCD_SetBackColor)
    [Anonymous Symbol]                       0x08001fd8   Section        0  stm324xg_lcd_ili9328.o(.text.LCD_SetFont)
    __arm_cp.12_1                            0x08001ff0   Number         4  stm324xg_lcd_ili9328.o(.text.LCD_SetFont)
    [Anonymous Symbol]                       0x08001ff4   Section        0  stm324xg_lcd_ili9328.o(.text.LCD_SetTextColor)
    __arm_cp.22_0                            0x08002008   Number         4  stm324xg_lcd_ili9328.o(.text.LCD_SetTextColor)
    [Anonymous Symbol]                       0x0800200c   Section        0  game.o(.text.PlayerSwing)
    __arm_cp.16_0                            0x08002080   Number         4  game.o(.text.PlayerSwing)
    __arm_cp.16_1                            0x08002084   Number         4  game.o(.text.PlayerSwing)
    __arm_cp.16_2                            0x08002088   Number         4  game.o(.text.PlayerSwing)
    RedrawFixedStartElements                 0x080020a1   Thumb Code   176  main_samp.o(.text.RedrawFixedStartElements)
    [Anonymous Symbol]                       0x080020a0   Section        0  main_samp.o(.text.RedrawFixedStartElements)
    __arm_cp.7_0                             0x0800212c   Number         4  main_samp.o(.text.RedrawFixedStartElements)
    __arm_cp.7_1                             0x08002130   Number         4  main_samp.o(.text.RedrawFixedStartElements)
    __arm_cp.7_3                             0x08002144   Number         4  main_samp.o(.text.RedrawFixedStartElements)
    [Anonymous Symbol]                       0x08002150   Section        0  game.o(.text.RedrawFixedTexts)
    __arm_cp.13_2                            0x080021f8   Number         4  game.o(.text.RedrawFixedTexts)
    __arm_cp.13_3                            0x080021fc   Number         4  game.o(.text.RedrawFixedTexts)
    __arm_cp.13_4                            0x08002200   Number         4  game.o(.text.RedrawFixedTexts)
    __arm_cp.13_5                            0x08002204   Number         4  game.o(.text.RedrawFixedTexts)
    __arm_cp.13_6                            0x08002208   Number         4  game.o(.text.RedrawFixedTexts)
    __arm_cp.13_7                            0x0800220c   Number         4  game.o(.text.RedrawFixedTexts)
    [Anonymous Symbol]                       0x08002210   Section        0  game.o(.text.ResetCommonVars)
    [Anonymous Symbol]                       0x0800223c   Section        0  game.o(.text.ShowGameModeMenu)
    __arm_cp.17_0                            0x080022ac   Number         4  game.o(.text.ShowGameModeMenu)
    __arm_cp.17_1                            0x080022b0   Number         4  game.o(.text.ShowGameModeMenu)
    [Anonymous Symbol]                       0x080022d4   Section        0  main_samp.o(.text.ShowLegendEasterEgg)
    __arm_cp.4_0                             0x08002374   Number         4  main_samp.o(.text.ShowLegendEasterEgg)
    __arm_cp.4_2                             0x08002380   Number         4  main_samp.o(.text.ShowLegendEasterEgg)
    __arm_cp.4_5                             0x08002398   Number         4  main_samp.o(.text.ShowLegendEasterEgg)
    __arm_cp.4_6                             0x0800239c   Number         4  main_samp.o(.text.ShowLegendEasterEgg)
    [Anonymous Symbol]                       0x080023a0   Section        0  game.o(.text.ShowPKEndOptions)
    __arm_cp.5_0                             0x080024c4   Number         4  game.o(.text.ShowPKEndOptions)
    __arm_cp.5_1                             0x080024c8   Number         4  game.o(.text.ShowPKEndOptions)
    __arm_cp.5_3                             0x080024dc   Number         4  game.o(.text.ShowPKEndOptions)
    __arm_cp.5_4                             0x080024e0   Number         4  game.o(.text.ShowPKEndOptions)
    __arm_cp.5_7                             0x080024f8   Number         4  game.o(.text.ShowPKEndOptions)
    __arm_cp.5_10                            0x08002504   Number         4  game.o(.text.ShowPKEndOptions)
    __arm_cp.5_11                            0x08002508   Number         4  game.o(.text.ShowPKEndOptions)
    [Anonymous Symbol]                       0x0800251c   Section        0  game.o(.text.ShowPKModeIntro)
    __arm_cp.3_0                             0x080025dc   Number         4  game.o(.text.ShowPKModeIntro)
    __arm_cp.3_1                             0x080025e0   Number         4  game.o(.text.ShowPKModeIntro)
    __arm_cp.3_2                             0x080025e4   Number         4  game.o(.text.ShowPKModeIntro)
    __arm_cp.3_3                             0x080025e8   Number         4  game.o(.text.ShowPKModeIntro)
    __arm_cp.3_5                             0x080025fc   Number         4  game.o(.text.ShowPKModeIntro)
    __arm_cp.3_8                             0x08002624   Number         4  game.o(.text.ShowPKModeIntro)
    __arm_cp.3_10                            0x08002634   Number         4  game.o(.text.ShowPKModeIntro)
    [Anonymous Symbol]                       0x08002638   Section        0  game.o(.text.StartNewPitch)
    __arm_cp.15_0                            0x08002794   Number         4  game.o(.text.StartNewPitch)
    __arm_cp.15_1                            0x08002798   Number         4  game.o(.text.StartNewPitch)
    __arm_cp.15_2                            0x0800279c   Number         4  game.o(.text.StartNewPitch)
    [Anonymous Symbol]                       0x080027e4   Section        0  user_defined.o(.text.SysTick_Handler)
    __arm_cp.0_0                             0x0800280c   Number         4  user_defined.o(.text.SysTick_Handler)
    __arm_cp.0_1                             0x08002810   Number         4  user_defined.o(.text.SysTick_Handler)
    [Anonymous Symbol]                       0x08002814   Section        0  hardwaresystem_ini.o(.text.SystemInit)
    __arm_cp.0_0                             0x08002820   Number         4  hardwaresystem_ini.o(.text.SystemInit)
    [Anonymous Symbol]                       0x08002824   Section        0  touch_module.o(.text.TS_GetState)
    __arm_cp.3_0                             0x08002868   Number         4  touch_module.o(.text.TS_GetState)
    [Anonymous Symbol]                       0x0800286c   Section        0  touch_module.o(.text.Touch_GetVal)
    [Anonymous Symbol]                       0x0800289c   Section        0  driver_spi.o(.text.Touch_SPIRead)
    __arm_cp.6_1                             0x080028e4   Number         4  driver_spi.o(.text.Touch_SPIRead)
    [Anonymous Symbol]                       0x080028e8   Section        0  driver_spi.o(.text.Touch_SPIWrite)
    __arm_cp.7_0                             0x08002940   Number         4  driver_spi.o(.text.Touch_SPIWrite)
    __arm_cp.7_1                             0x08002944   Number         4  driver_spi.o(.text.Touch_SPIWrite)
    [Anonymous Symbol]                       0x08002948   Section        0  game.o(.text.UpdateBall)
    __arm_cp.6_15                            0x08002cf8   Number         4  game.o(.text.UpdateBall)
    __arm_cp.6_16                            0x08002cfc   Number         4  game.o(.text.UpdateBall)
    __arm_cp.6_1                             0x08002da0   Number         4  game.o(.text.UpdateBall)
    __arm_cp.6_2                             0x08002da4   Number         4  game.o(.text.UpdateBall)
    __arm_cp.6_6                             0x08002da8   Number         4  game.o(.text.UpdateBall)
    __arm_cp.6_7                             0x08002dac   Number         4  game.o(.text.UpdateBall)
    __arm_cp.6_8                             0x08002db0   Number         4  game.o(.text.UpdateBall)
    [Anonymous Symbol]                       0x08002ddc   Section        0  game.o(.text.UpdateBases)
    __arm_cp.8_0                             0x08002e30   Number         4  game.o(.text.UpdateBases)
    [Anonymous Symbol]                       0x08002e34   Section        0  user_defined.o(.text.delay_ms)
    __arm_cp.1_0                             0x08002e44   Number         4  user_defined.o(.text.delay_ms)
    [Anonymous Symbol]                       0x08002e48   Section        0  main_samp.o(.text.main)
    __arm_cp.6_0                             0x08003034   Number         4  main_samp.o(.text.main)
    __arm_cp.6_1                             0x08003038   Number         4  main_samp.o(.text.main)
    __arm_cp.6_2                             0x0800303c   Number         4  main_samp.o(.text.main)
    __arm_cp.6_3                             0x08003040   Number         4  main_samp.o(.text.main)
    my_getHCLKFreq                           0x08003045   Thumb Code    68  hardwaresystem_ini.o(.text.my_getHCLKFreq)
    [Anonymous Symbol]                       0x08003044   Section        0  hardwaresystem_ini.o(.text.my_getHCLKFreq)
    __arm_cp.5_0                             0x08003064   Number         4  hardwaresystem_ini.o(.text.my_getHCLKFreq)
    my_getPCLKx_Freq                         0x08003089   Thumb Code    20  hardwaresystem_ini.o(.text.my_getPCLKx_Freq)
    [Anonymous Symbol]                       0x08003088   Section        0  hardwaresystem_ini.o(.text.my_getPCLKx_Freq)
    [Anonymous Symbol]                       0x0800309c   Section        0  hardwaresystem_ini.o(.text.stm32f4_Hardware_Init)
    __arm_cp.3_0                             0x08003154   Number         4  hardwaresystem_ini.o(.text.stm32f4_Hardware_Init)
    __arm_cp.3_1                             0x08003158   Number         4  hardwaresystem_ini.o(.text.stm32f4_Hardware_Init)
    __arm_cp.3_2                             0x0800315c   Number         4  hardwaresystem_ini.o(.text.stm32f4_Hardware_Init)
    __arm_cp.3_3                             0x08003160   Number         4  hardwaresystem_ini.o(.text.stm32f4_Hardware_Init)
    __arm_cp.3_4                             0x08003164   Number         4  hardwaresystem_ini.o(.text.stm32f4_Hardware_Init)
    __arm_cp.3_5                             0x08003168   Number         4  hardwaresystem_ini.o(.text.stm32f4_Hardware_Init)
    __arm_cp.3_6                             0x0800316c   Number         4  hardwaresystem_ini.o(.text.stm32f4_Hardware_Init)
    __arm_cp.3_7                             0x08003170   Number         4  hardwaresystem_ini.o(.text.stm32f4_Hardware_Init)
    i.__ARM_fpclassifyf                      0x08003174   Section        0  fpclassifyf.o(i.__ARM_fpclassifyf)
    i.__hardfp_sinf                          0x0800319c   Section        0  sinf.o(i.__hardfp_sinf)
    i.__mathlib_flt_infnan                   0x0800332c   Section        0  funder.o(i.__mathlib_flt_infnan)
    i.__mathlib_flt_invalid                  0x08003334   Section        0  funder.o(i.__mathlib_flt_invalid)
    i.__mathlib_flt_underflow                0x08003344   Section        0  funder.o(i.__mathlib_flt_underflow)
    i.__mathlib_rredf2                       0x08003354   Section        0  rredf.o(i.__mathlib_rredf2)
    i._is_digit                              0x080034a8   Section        0  __printf_wp.o(i._is_digit)
    $v0                                      0x080034b8   Number         0  d2f.o(x$fpl$d2f)
    x$fpl$d2f                                0x080034b8   Section       98  d2f.o(x$fpl$d2f)
    $v0                                      0x0800351a   Number         0  dflt_clz.o(x$fpl$dflt)
    x$fpl$dflt                               0x0800351a   Section       46  dflt_clz.o(x$fpl$dflt)
    $v0                                      0x08003548   Number         0  dmul.o(x$fpl$dmul)
    x$fpl$dmul                               0x08003548   Section      340  dmul.o(x$fpl$dmul)
    $v0                                      0x0800369c   Number         0  dnaninf.o(x$fpl$dnaninf)
    x$fpl$dnaninf                            0x0800369c   Section      156  dnaninf.o(x$fpl$dnaninf)
    $v0                                      0x08003738   Number         0  dretinf.o(x$fpl$dretinf)
    x$fpl$dretinf                            0x08003738   Section       12  dretinf.o(x$fpl$dretinf)
    $v0                                      0x08003744   Number         0  fpinit.o(x$fpl$fpinit)
    x$fpl$fpinit                             0x08003744   Section       26  fpinit.o(x$fpl$fpinit)
    $v0                                      0x0800375e   Number         0  fretinf.o(x$fpl$fretinf)
    x$fpl$fretinf                            0x0800375e   Section       10  fretinf.o(x$fpl$fretinf)
    uc_hextab                                0x08003768   Data          20  _printf_hex_int.o(.constdata)
    .constdata                               0x08003768   Section       40  _printf_hex_int.o(.constdata)
    x$fpl$usenofp                            0x08003768   Section        0  usenofp.o(x$fpl$usenofp)
    lc_hextab                                0x0800377c   Data          20  _printf_hex_int.o(.constdata)
    maptable                                 0x08003790   Data          17  __printf_flags_wp.o(.constdata)
    .constdata                               0x08003790   Section       17  __printf_flags_wp.o(.constdata)
    twooverpi                                0x080037a4   Data          32  rredf.o(.constdata)
    .constdata                               0x080037a4   Section       32  rredf.o(.constdata)
    [Anonymous Symbol]                       0x080037c4   Section        0  main_samp.o(.rodata..L__const.ShowStartScreen.path)
    UpdateBall.trailColors                   0x08006d94   Data          14  game.o(.rodata.UpdateBall.trailColors)
    [Anonymous Symbol]                       0x08006d94   Section        0  game.o(.rodata.UpdateBall.trailColors)
    .L.str.3                                 0x08007d72   Data          17  main_samp.o(.rodata.str1.1)
    [Anonymous Symbol]                       0x08007d72   Section        0  main_samp.o(.rodata.str1.1)
    .L.str.25                                0x08007d83   Data           6  game.o(.rodata.str1.1)
    [Anonymous Symbol]                       0x08007d83   Section        0  game.o(.rodata.str1.1)
    .L.str.27                                0x08007d89   Data           8  game.o(.rodata.str1.1)
    .L.str.23                                0x08007d91   Data          10  game.o(.rodata.str1.1)
    .L.str.21                                0x08007d9b   Data           9  game.o(.rodata.str1.1)
    .L.str.22                                0x08007da4   Data           9  game.o(.rodata.str1.1)
    .L.str.24                                0x08007dad   Data           7  game.o(.rodata.str1.1)
    .L.str.26                                0x08007db4   Data           6  game.o(.rodata.str1.1)
    .L.str.13                                0x08007dba   Data          13  game.o(.rodata.str1.1)
    .L.str.12                                0x08007dc7   Data          17  game.o(.rodata.str1.1)
    DrawProp.0                               0x20000000   Data           2  stm324xg_lcd_ili9328.o(.data..L_MergedGlobals)
    [Anonymous Symbol]                       0x20000000   Section        0  stm324xg_lcd_ili9328.o(.data..L_MergedGlobals)
    DrawProp.2                               0x20000004   Data           4  stm324xg_lcd_ili9328.o(.data..L_MergedGlobals)
    [Anonymous Symbol]                       0x20000010   Section        0  game.o(.data..L_MergedGlobals)
    UpdateBall.prevX                         0x20000028   Data           4  game.o(.data..L_MergedGlobals)
    UpdateBall.prevY                         0x2000002c   Data           4  game.o(.data..L_MergedGlobals)
    .bss                                     0x20000050   Section      228  rand.o(.bss)
    .bss                                     0x20000134   Section       96  libspace.o(.bss)
    [Anonymous Symbol]                       0x20000194   Section        0  hardwaresystem_ini.o(.bss..L_MergedGlobals)
    [Anonymous Symbol]                       0x200001a4   Section        0  user_defined.o(.bss..L_MergedGlobals)
    [Anonymous Symbol]                       0x200001d4   Section        0  touch_module.o(.bss..L_MergedGlobals)
    [Anonymous Symbol]                       0x200001ec   Section        0  game.o(.bss..L_MergedGlobals.43)
    UpdateBall.colorIdx                      0x2000024c   Data           4  game.o(.bss..L_MergedGlobals.43)
    [Anonymous Symbol]                       0x2000025c   Section        0  stm324xg_lcd_ili9328.o(.bss..L_MergedGlobals.7)
    wf                                       0x2000025e   Data           2  stm324xg_lcd_ili9328.o(.bss..L_MergedGlobals.7)
    hf                                       0x20000260   Data           2  stm324xg_lcd_ili9328.o(.bss..L_MergedGlobals.7)
    bytes_f                                  0x20000262   Data           2  stm324xg_lcd_ili9328.o(.bss..L_MergedGlobals.7)
    DrawProp.1                               0x20000268   Data           2  stm324xg_lcd_ili9328.o(.bss..L_MergedGlobals.7)
    Heap_Mem                                 0x20000298   Data         512  startup_stm32f407xx.o(HEAP)
    HEAP                                     0x20000298   Section      512  startup_stm32f407xx.o(HEAP)
    Stack_Mem                                0x20000498   Data        1024  startup_stm32f407xx.o(STACK)
    STACK                                    0x20000498   Section     1024  startup_stm32f407xx.o(STACK)
    __initial_sp                             0x20000898   Data           0  startup_stm32f407xx.o(STACK)

    Global Symbols

    Symbol Name                              Value     Ov Type        Size  Object(Section)

    BuildAttributes$$THM_ISAv4$E$P$D$K$B$S$7EM$VFPi3$EXTD16$VFPS$VFMA$PE$A:L22UL41UL21$X:L11$S22US41US21$IEEE1$IW$~IW$USESV6$~STKCKD$USESV7$~SHL$OTIME$ROPI$IEEEX$EBA8$UX$STANDARDLIB$REQ8$PRES8$EABIv2 0x00000000   Number         0  anon$$obj.o ABSOLUTE
    _printf_flags                            0x00000000   Number         0  printf_stubs.o ABSOLUTE
    _printf_return_value                     0x00000000   Number         0  printf_stubs.o ABSOLUTE
    _printf_sizespec                         0x00000000   Number         0  printf_stubs.o ABSOLUTE
    _printf_widthprec                        0x00000000   Number         0  printf_stubs.o ABSOLUTE
    __ARM_exceptions_init                     - Undefined Weak Reference
    __alloca_initialize                       - Undefined Weak Reference
    __arm_preinit_                            - Undefined Weak Reference
    __cpp_initialize__aeabi_                  - Undefined Weak Reference
    __cxa_finalize                            - Undefined Weak Reference
    __rt_locale                               - Undefined Weak Reference
    __sigvec_lookup                           - Undefined Weak Reference
    _atexit_init                              - Undefined Weak Reference
    _call_atexit_fns                          - Undefined Weak Reference
    _clock_init                               - Undefined Weak Reference
    _fp_trap_init                             - Undefined Weak Reference
    _fp_trap_shutdown                         - Undefined Weak Reference
    _get_lc_collate                           - Undefined Weak Reference
    _get_lc_ctype                             - Undefined Weak Reference
    _get_lc_monetary                          - Undefined Weak Reference
    _get_lc_numeric                           - Undefined Weak Reference
    _get_lc_time                              - Undefined Weak Reference
    _getenv_init                              - Undefined Weak Reference
    _handle_redirection                       - Undefined Weak Reference
    _init_alloc                               - Undefined Weak Reference
    _init_user_alloc                          - Undefined Weak Reference
    _initio                                   - Undefined Weak Reference
    _printf_mbtowc                            - Undefined Weak Reference
    _printf_truncate_signed                   - Undefined Weak Reference
    _printf_truncate_unsigned                 - Undefined Weak Reference
    _signal_finish                            - Undefined Weak Reference
    _signal_init                              - Undefined Weak Reference
    _terminate_alloc                          - Undefined Weak Reference
    _terminate_user_alloc                     - Undefined Weak Reference
    _terminateio                              - Undefined Weak Reference
    __Vectors_Size                           0x00000188   Number         0  startup_stm32f407xx.o ABSOLUTE
    __Vectors                                0x08000000   Data           4  startup_stm32f407xx.o(RESET)
    __Vectors_End                            0x08000188   Data           0  startup_stm32f407xx.o(RESET)
    __main                                   0x08000189   Thumb Code     8  __main.o(!!!main)
    __scatterload                            0x08000191   Thumb Code     0  __scatter.o(!!!scatter)
    __scatterload_rt2                        0x08000191   Thumb Code    44  __scatter.o(!!!scatter)
    __scatterload_rt2_thumb_only             0x08000191   Thumb Code     0  __scatter.o(!!!scatter)
    __scatterload_null                       0x0800019f   Thumb Code     0  __scatter.o(!!!scatter)
    __scatterload_copy                       0x080001c5   Thumb Code    26  __scatter_copy.o(!!handler_copy)
    __scatterload_zeroinit                   0x080001e1   Thumb Code    28  __scatter_zi.o(!!handler_zi)
    _printf_d                                0x080001fd   Thumb Code     0  _printf_d.o(.ARM.Collect$$_printf_percent$$00000009)
    _printf_percent                          0x080001fd   Thumb Code     0  _printf_percent.o(.ARM.Collect$$_printf_percent$$00000000)
    _printf_x                                0x08000203   Thumb Code     0  _printf_x.o(.ARM.Collect$$_printf_percent$$0000000C)
    _printf_s                                0x08000209   Thumb Code     0  _printf_s.o(.ARM.Collect$$_printf_percent$$00000014)
    _printf_percent_end                      0x0800020f   Thumb Code     0  _printf_percent_end.o(.ARM.Collect$$_printf_percent$$00000017)
    __rt_lib_init                            0x08000213   Thumb Code     0  libinit.o(.ARM.Collect$$libinit$$00000000)
    __rt_lib_init_fp_1                       0x08000215   Thumb Code     0  libinit2.o(.ARM.Collect$$libinit$$00000001)
    __rt_lib_init_heap_1                     0x08000219   Thumb Code     0  libinit2.o(.ARM.Collect$$libinit$$0000000A)
    __rt_lib_init_preinit_1                  0x08000219   Thumb Code     0  libinit2.o(.ARM.Collect$$libinit$$00000004)
    __rt_lib_init_rand_2                     0x08000219   Thumb Code     0  libinit2.o(.ARM.Collect$$libinit$$0000000D)
    __rt_lib_init_user_alloc_1               0x08000219   Thumb Code     0  libinit2.o(.ARM.Collect$$libinit$$0000000C)
    __rt_lib_init_alloca_1                   0x0800021d   Thumb Code     0  libinit2.o(.ARM.Collect$$libinit$$0000002E)
    __rt_lib_init_argv_1                     0x0800021d   Thumb Code     0  libinit2.o(.ARM.Collect$$libinit$$0000002C)
    __rt_lib_init_atexit_1                   0x0800021d   Thumb Code     0  libinit2.o(.ARM.Collect$$libinit$$0000001B)
    __rt_lib_init_clock_1                    0x0800021d   Thumb Code     0  libinit2.o(.ARM.Collect$$libinit$$00000021)
    __rt_lib_init_cpp_1                      0x0800021d   Thumb Code     0  libinit2.o(.ARM.Collect$$libinit$$00000032)
    __rt_lib_init_exceptions_1               0x0800021d   Thumb Code     0  libinit2.o(.ARM.Collect$$libinit$$00000030)
    __rt_lib_init_fp_trap_1                  0x0800021d   Thumb Code     0  libinit2.o(.ARM.Collect$$libinit$$0000001F)
    __rt_lib_init_getenv_1                   0x0800021d   Thumb Code     0  libinit2.o(.ARM.Collect$$libinit$$00000023)
    __rt_lib_init_lc_collate_1               0x0800021d   Thumb Code     0  libinit2.o(.ARM.Collect$$libinit$$00000011)
    __rt_lib_init_lc_ctype_1                 0x0800021d   Thumb Code     0  libinit2.o(.ARM.Collect$$libinit$$00000013)
    __rt_lib_init_lc_monetary_1              0x0800021d   Thumb Code     0  libinit2.o(.ARM.Collect$$libinit$$00000015)
    __rt_lib_init_lc_numeric_1               0x0800021d   Thumb Code     0  libinit2.o(.ARM.Collect$$libinit$$00000017)
    __rt_lib_init_lc_time_1                  0x0800021d   Thumb Code     0  libinit2.o(.ARM.Collect$$libinit$$00000019)
    __rt_lib_init_rand_1                     0x0800021d   Thumb Code     0  libinit2.o(.ARM.Collect$$libinit$$0000000E)
    __rt_lib_init_return                     0x0800021d   Thumb Code     0  libinit2.o(.ARM.Collect$$libinit$$00000033)
    __rt_lib_init_signal_1                   0x0800021d   Thumb Code     0  libinit2.o(.ARM.Collect$$libinit$$0000001D)
    __rt_lib_init_stdio_1                    0x0800021d   Thumb Code     0  libinit2.o(.ARM.Collect$$libinit$$00000025)
    __rt_lib_shutdown                        0x0800021f   Thumb Code     0  libshutdown.o(.ARM.Collect$$libshutdown$$00000000)
    __rt_lib_shutdown_cpp_1                  0x08000221   Thumb Code     0  libshutdown2.o(.ARM.Collect$$libshutdown$$00000002)
    __rt_lib_shutdown_fp_trap_1              0x08000221   Thumb Code     0  libshutdown2.o(.ARM.Collect$$libshutdown$$00000007)
    __rt_lib_shutdown_heap_1                 0x08000221   Thumb Code     0  libshutdown2.o(.ARM.Collect$$libshutdown$$0000000F)
    __rt_lib_shutdown_return                 0x08000221   Thumb Code     0  libshutdown2.o(.ARM.Collect$$libshutdown$$00000010)
    __rt_lib_shutdown_signal_1               0x08000221   Thumb Code     0  libshutdown2.o(.ARM.Collect$$libshutdown$$0000000A)
    __rt_lib_shutdown_stdio_1                0x08000221   Thumb Code     0  libshutdown2.o(.ARM.Collect$$libshutdown$$00000004)
    __rt_lib_shutdown_user_alloc_1           0x08000221   Thumb Code     0  libshutdown2.o(.ARM.Collect$$libshutdown$$0000000C)
    __rt_entry                               0x08000223   Thumb Code     0  __rtentry.o(.ARM.Collect$$rtentry$$00000000)
    __rt_entry_presh_1                       0x08000223   Thumb Code     0  __rtentry2.o(.ARM.Collect$$rtentry$$00000002)
    __rt_entry_sh                            0x08000223   Thumb Code     0  __rtentry4.o(.ARM.Collect$$rtentry$$00000004)
    __rt_entry_li                            0x08000229   Thumb Code     0  __rtentry2.o(.ARM.Collect$$rtentry$$0000000A)
    __rt_entry_postsh_1                      0x08000229   Thumb Code     0  __rtentry2.o(.ARM.Collect$$rtentry$$00000009)
    __rt_entry_main                          0x0800022d   Thumb Code     0  __rtentry2.o(.ARM.Collect$$rtentry$$0000000D)
    __rt_entry_postli_1                      0x0800022d   Thumb Code     0  __rtentry2.o(.ARM.Collect$$rtentry$$0000000C)
    __rt_exit                                0x08000235   Thumb Code     0  rtexit.o(.ARM.Collect$$rtexit$$00000000)
    __rt_exit_ls                             0x08000237   Thumb Code     0  rtexit2.o(.ARM.Collect$$rtexit$$00000003)
    __rt_exit_prels_1                        0x08000237   Thumb Code     0  rtexit2.o(.ARM.Collect$$rtexit$$00000002)
    __rt_exit_exit                           0x0800023b   Thumb Code     0  rtexit2.o(.ARM.Collect$$rtexit$$00000004)
    rand                                     0x08000241   Thumb Code    48  rand.o(.emb_text)
    Reset_Handler                            0x08000275   Thumb Code     8  startup_stm32f407xx.o(.text)
    NMI_Handler                              0x0800027d   Thumb Code     2  startup_stm32f407xx.o(.text)
    HardFault_Handler                        0x0800027f   Thumb Code     2  startup_stm32f407xx.o(.text)
    MemManage_Handler                        0x08000281   Thumb Code     2  startup_stm32f407xx.o(.text)
    BusFault_Handler                         0x08000283   Thumb Code     2  startup_stm32f407xx.o(.text)
    UsageFault_Handler                       0x08000285   Thumb Code     2  startup_stm32f407xx.o(.text)
    SVC_Handler                              0x08000287   Thumb Code     2  startup_stm32f407xx.o(.text)
    DebugMon_Handler                         0x08000289   Thumb Code     2  startup_stm32f407xx.o(.text)
    PendSV_Handler                           0x0800028b   Thumb Code     2  startup_stm32f407xx.o(.text)
    ADC_IRQHandler                           0x0800028f   Thumb Code     0  startup_stm32f407xx.o(.text)
    CAN1_RX0_IRQHandler                      0x0800028f   Thumb Code     0  startup_stm32f407xx.o(.text)
    CAN1_RX1_IRQHandler                      0x0800028f   Thumb Code     0  startup_stm32f407xx.o(.text)
    CAN1_SCE_IRQHandler                      0x0800028f   Thumb Code     0  startup_stm32f407xx.o(.text)
    CAN1_TX_IRQHandler                       0x0800028f   Thumb Code     0  startup_stm32f407xx.o(.text)
    CAN2_RX0_IRQHandler                      0x0800028f   Thumb Code     0  startup_stm32f407xx.o(.text)
    CAN2_RX1_IRQHandler                      0x0800028f   Thumb Code     0  startup_stm32f407xx.o(.text)
    CAN2_SCE_IRQHandler                      0x0800028f   Thumb Code     0  startup_stm32f407xx.o(.text)
    CAN2_TX_IRQHandler                       0x0800028f   Thumb Code     0  startup_stm32f407xx.o(.text)
    DCMI_IRQHandler                          0x0800028f   Thumb Code     0  startup_stm32f407xx.o(.text)
    DMA1_Stream0_IRQHandler                  0x0800028f   Thumb Code     0  startup_stm32f407xx.o(.text)
    DMA1_Stream1_IRQHandler                  0x0800028f   Thumb Code     0  startup_stm32f407xx.o(.text)
    DMA1_Stream2_IRQHandler                  0x0800028f   Thumb Code     0  startup_stm32f407xx.o(.text)
    DMA1_Stream3_IRQHandler                  0x0800028f   Thumb Code     0  startup_stm32f407xx.o(.text)
    DMA1_Stream4_IRQHandler                  0x0800028f   Thumb Code     0  startup_stm32f407xx.o(.text)
    DMA1_Stream5_IRQHandler                  0x0800028f   Thumb Code     0  startup_stm32f407xx.o(.text)
    DMA1_Stream6_IRQHandler                  0x0800028f   Thumb Code     0  startup_stm32f407xx.o(.text)
    DMA1_Stream7_IRQHandler                  0x0800028f   Thumb Code     0  startup_stm32f407xx.o(.text)
    DMA2_Stream0_IRQHandler                  0x0800028f   Thumb Code     0  startup_stm32f407xx.o(.text)
    DMA2_Stream1_IRQHandler                  0x0800028f   Thumb Code     0  startup_stm32f407xx.o(.text)
    DMA2_Stream2_IRQHandler                  0x0800028f   Thumb Code     0  startup_stm32f407xx.o(.text)
    DMA2_Stream3_IRQHandler                  0x0800028f   Thumb Code     0  startup_stm32f407xx.o(.text)
    DMA2_Stream4_IRQHandler                  0x0800028f   Thumb Code     0  startup_stm32f407xx.o(.text)
    DMA2_Stream5_IRQHandler                  0x0800028f   Thumb Code     0  startup_stm32f407xx.o(.text)
    DMA2_Stream6_IRQHandler                  0x0800028f   Thumb Code     0  startup_stm32f407xx.o(.text)
    DMA2_Stream7_IRQHandler                  0x0800028f   Thumb Code     0  startup_stm32f407xx.o(.text)
    ETH_IRQHandler                           0x0800028f   Thumb Code     0  startup_stm32f407xx.o(.text)
    ETH_WKUP_IRQHandler                      0x0800028f   Thumb Code     0  startup_stm32f407xx.o(.text)
    EXTI15_10_IRQHandler                     0x0800028f   Thumb Code     0  startup_stm32f407xx.o(.text)
    EXTI1_IRQHandler                         0x0800028f   Thumb Code     0  startup_stm32f407xx.o(.text)
    EXTI2_IRQHandler                         0x0800028f   Thumb Code     0  startup_stm32f407xx.o(.text)
    EXTI3_IRQHandler                         0x0800028f   Thumb Code     0  startup_stm32f407xx.o(.text)
    EXTI4_IRQHandler                         0x0800028f   Thumb Code     0  startup_stm32f407xx.o(.text)
    EXTI9_5_IRQHandler                       0x0800028f   Thumb Code     0  startup_stm32f407xx.o(.text)
    FLASH_IRQHandler                         0x0800028f   Thumb Code     0  startup_stm32f407xx.o(.text)
    FMC_IRQHandler                           0x0800028f   Thumb Code     0  startup_stm32f407xx.o(.text)
    FPU_IRQHandler                           0x0800028f   Thumb Code     0  startup_stm32f407xx.o(.text)
    HASH_RNG_IRQHandler                      0x0800028f   Thumb Code     0  startup_stm32f407xx.o(.text)
    I2C1_ER_IRQHandler                       0x0800028f   Thumb Code     0  startup_stm32f407xx.o(.text)
    I2C1_EV_IRQHandler                       0x0800028f   Thumb Code     0  startup_stm32f407xx.o(.text)
    I2C2_ER_IRQHandler                       0x0800028f   Thumb Code     0  startup_stm32f407xx.o(.text)
    I2C2_EV_IRQHandler                       0x0800028f   Thumb Code     0  startup_stm32f407xx.o(.text)
    I2C3_ER_IRQHandler                       0x0800028f   Thumb Code     0  startup_stm32f407xx.o(.text)
    I2C3_EV_IRQHandler                       0x0800028f   Thumb Code     0  startup_stm32f407xx.o(.text)
    OTG_FS_IRQHandler                        0x0800028f   Thumb Code     0  startup_stm32f407xx.o(.text)
    OTG_FS_WKUP_IRQHandler                   0x0800028f   Thumb Code     0  startup_stm32f407xx.o(.text)
    OTG_HS_EP1_IN_IRQHandler                 0x0800028f   Thumb Code     0  startup_stm32f407xx.o(.text)
    OTG_HS_EP1_OUT_IRQHandler                0x0800028f   Thumb Code     0  startup_stm32f407xx.o(.text)
    OTG_HS_IRQHandler                        0x0800028f   Thumb Code     0  startup_stm32f407xx.o(.text)
    OTG_HS_WKUP_IRQHandler                   0x0800028f   Thumb Code     0  startup_stm32f407xx.o(.text)
    PVD_IRQHandler                           0x0800028f   Thumb Code     0  startup_stm32f407xx.o(.text)
    RCC_IRQHandler                           0x0800028f   Thumb Code     0  startup_stm32f407xx.o(.text)
    RTC_Alarm_IRQHandler                     0x0800028f   Thumb Code     0  startup_stm32f407xx.o(.text)
    RTC_WKUP_IRQHandler                      0x0800028f   Thumb Code     0  startup_stm32f407xx.o(.text)
    SDIO_IRQHandler                          0x0800028f   Thumb Code     0  startup_stm32f407xx.o(.text)
    SPI1_IRQHandler                          0x0800028f   Thumb Code     0  startup_stm32f407xx.o(.text)
    SPI2_IRQHandler                          0x0800028f   Thumb Code     0  startup_stm32f407xx.o(.text)
    SPI3_IRQHandler                          0x0800028f   Thumb Code     0  startup_stm32f407xx.o(.text)
    TAMP_STAMP_IRQHandler                    0x0800028f   Thumb Code     0  startup_stm32f407xx.o(.text)
    TIM1_BRK_TIM9_IRQHandler                 0x0800028f   Thumb Code     0  startup_stm32f407xx.o(.text)
    TIM1_CC_IRQHandler                       0x0800028f   Thumb Code     0  startup_stm32f407xx.o(.text)
    TIM1_TRG_COM_TIM11_IRQHandler            0x0800028f   Thumb Code     0  startup_stm32f407xx.o(.text)
    TIM1_UP_TIM10_IRQHandler                 0x0800028f   Thumb Code     0  startup_stm32f407xx.o(.text)
    TIM2_IRQHandler                          0x0800028f   Thumb Code     0  startup_stm32f407xx.o(.text)
    TIM3_IRQHandler                          0x0800028f   Thumb Code     0  startup_stm32f407xx.o(.text)
    TIM4_IRQHandler                          0x0800028f   Thumb Code     0  startup_stm32f407xx.o(.text)
    TIM5_IRQHandler                          0x0800028f   Thumb Code     0  startup_stm32f407xx.o(.text)
    TIM6_DAC_IRQHandler                      0x0800028f   Thumb Code     0  startup_stm32f407xx.o(.text)
    TIM7_IRQHandler                          0x0800028f   Thumb Code     0  startup_stm32f407xx.o(.text)
    TIM8_BRK_TIM12_IRQHandler                0x0800028f   Thumb Code     0  startup_stm32f407xx.o(.text)
    TIM8_CC_IRQHandler                       0x0800028f   Thumb Code     0  startup_stm32f407xx.o(.text)
    TIM8_TRG_COM_TIM14_IRQHandler            0x0800028f   Thumb Code     0  startup_stm32f407xx.o(.text)
    TIM8_UP_TIM13_IRQHandler                 0x0800028f   Thumb Code     0  startup_stm32f407xx.o(.text)
    UART4_IRQHandler                         0x0800028f   Thumb Code     0  startup_stm32f407xx.o(.text)
    UART5_IRQHandler                         0x0800028f   Thumb Code     0  startup_stm32f407xx.o(.text)
    USART1_IRQHandler                        0x0800028f   Thumb Code     0  startup_stm32f407xx.o(.text)
    USART2_IRQHandler                        0x0800028f   Thumb Code     0  startup_stm32f407xx.o(.text)
    USART3_IRQHandler                        0x0800028f   Thumb Code     0  startup_stm32f407xx.o(.text)
    USART6_IRQHandler                        0x0800028f   Thumb Code     0  startup_stm32f407xx.o(.text)
    WWDG_IRQHandler                          0x0800028f   Thumb Code     0  startup_stm32f407xx.o(.text)
    __user_initial_stackheap                 0x08000291   Thumb Code     0  startup_stm32f407xx.o(.text)
    __2sprintf                               0x080002b5   Thumb Code    34  noretval__2sprintf.o(.text)
    _printf_pre_padding                      0x080002dd   Thumb Code    44  _printf_pad.o(.text)
    _printf_post_padding                     0x08000309   Thumb Code    34  _printf_pad.o(.text)
    _printf_str                              0x0800032b   Thumb Code    82  _printf_str.o(.text)
    _printf_int_dec                          0x0800037d   Thumb Code   104  _printf_dec.o(.text)
    _printf_int_hex                          0x080003f5   Thumb Code    84  _printf_hex_int.o(.text)
    _printf_longlong_hex                     0x080003f5   Thumb Code     0  _printf_hex_int.o(.text)
    __printf                                 0x0800044d   Thumb Code   308  __printf_flags_wp.o(.text)
    srand                                    0x08000585   Thumb Code    42  rand.o(.text)
    _rand_init                               0x080005af   Thumb Code     4  rand.o(.text)
    __use_two_region_memory                  0x080005c1   Thumb Code     2  heapauxi.o(.text)
    __rt_heap_escrow$2region                 0x080005c3   Thumb Code     2  heapauxi.o(.text)
    __rt_heap_expand$2region                 0x080005c5   Thumb Code     2  heapauxi.o(.text)
    __read_errno                             0x080005c7   Thumb Code    10  _rserrno.o(.text)
    __set_errno                              0x080005d1   Thumb Code    12  _rserrno.o(.text)
    _printf_int_common                       0x080005dd   Thumb Code   178  _printf_intcommon.o(.text)
    _printf_char_common                      0x0800069b   Thumb Code    32  _printf_char_common.o(.text)
    _sputc                                   0x080006c1   Thumb Code    10  _sputc.o(.text)
    _printf_cs_common                        0x080006cb   Thumb Code    20  _printf_char.o(.text)
    _printf_char                             0x080006df   Thumb Code    16  _printf_char.o(.text)
    _printf_string                           0x080006ef   Thumb Code     8  _printf_char.o(.text)
    __aeabi_errno_addr                       0x080006f9   Thumb Code     8  rt_errno_addr_intlibspace.o(.text)
    __errno$intlibspace                      0x080006f9   Thumb Code     0  rt_errno_addr_intlibspace.o(.text)
    __rt_errno_addr$intlibspace              0x080006f9   Thumb Code     0  rt_errno_addr_intlibspace.o(.text)
    __user_libspace                          0x08000701   Thumb Code     8  libspace.o(.text)
    __user_perproc_libspace                  0x08000701   Thumb Code     0  libspace.o(.text)
    __user_perthread_libspace                0x08000701   Thumb Code     0  libspace.o(.text)
    __user_setup_stackheap                   0x08000709   Thumb Code    74  sys_stackheap_outer.o(.text)
    exit                                     0x08000753   Thumb Code    18  exit.o(.text)
    __I$use$semihosting                      0x08000765   Thumb Code     0  use_no_semi.o(.text)
    __use_no_semihosting_swi                 0x08000765   Thumb Code     2  use_no_semi.o(.text)
    __semihosting_library_function           0x08000767   Thumb Code     0  indicate_semi.o(.text)
    _sys_exit                                0x08000769   Thumb Code     8  sys_exit.o(.text)
    Cal_GetXY                                0x08000775   Thumb Code   112  touch_module.o(.text.Cal_GetXY)
    ClearBallRegion                          0x080007e5   Thumb Code   132  main_samp.o(.text.ClearBallRegion)
    Debounce                                 0x08000869   Thumb Code    88  user_defined.o(.text.Debounce)
    Default_Calibration                      0x080008c1   Thumb Code    88  touch_module.o(.text.Default_Calibration)
    Delay_SPI                                0x08000919   Thumb Code    34  driver_spi.o(.text.Delay_SPI)
    DrawAudience                             0x0800093b   Thumb Code    78  main_samp.o(.text.DrawAudience)
    DrawBases                                0x08000989   Thumb Code   164  game.o(.text.DrawBases)
    DrawBat                                  0x08000a2d   Thumb Code    72  game.o(.text.DrawBat)
    DrawFieldElements                        0x08000a75   Thumb Code   820  game.o(.text.DrawFieldElements)
    DrawLegendBatter                         0x08000da9   Thumb Code   382  main_samp.o(.text.DrawLegendBatter)
    DrawPixelFieldBackground                 0x08000f27   Thumb Code   184  game.o(.text.DrawPixelFieldBackground)
    DrawRGB565Image                          0x08000fdf   Thumb Code    72  game.o(.text.DrawRGB565Image)
    DrawStartPKButton                        0x08001029   Thumb Code    68  game.o(.text.DrawStartPKButton)
    Driver_GPIO                              0x0800106d   Thumb Code   304  driver_spi.o(.text.Driver_GPIO)
    Driver_SPICS                             0x0800119d   Thumb Code    24  driver_spi.o(.text.Driver_SPICS)
    EXTI0_IRQHandler                         0x080011b5   Thumb Code    80  user_defined.o(.text.EXTI0_IRQHandler)
    FSMC_NORSRAM_Extended_Timing_Init        0x08001205   Thumb Code    56  stm32f4xx_fsmc.o(.text.FSMC_NORSRAM_Extended_Timing_Init)
    FSMC_NORSRAM_Init                        0x0800123d   Thumb Code   116  stm32f4xx_fsmc.o(.text.FSMC_NORSRAM_Init)
    FSMC_NORSRAM_Timing_Init                 0x080012b1   Thumb Code    60  stm32f4xx_fsmc.o(.text.FSMC_NORSRAM_Timing_Init)
    GameLoop                                 0x08001461   Thumb Code   612  game.o(.text.GameLoop)
    HAL_RCC_GetSysClockFreq                  0x080016f5   Thumb Code    80  hardwaresystem_ini.o(.text.HAL_RCC_GetSysClockFreq)
    HoldCheck_per_4ms                        0x08001745   Thumb Code    44  user_defined.o(.text.HoldCheck_per_4ms)
    ILI9328                                  0x08001771   Thumb Code   472  stm324xg_lcd_ili9328.o(.text.ILI9328)
    InitHRDerby                              0x08001949   Thumb Code   116  game.o(.text.InitHRDerby)
    InitPKMode                               0x080019bd   Thumb Code    64  game.o(.text.InitPKMode)
    InitRandomSeed                           0x080019fd   Thumb Code    36  main_samp.o(.text.InitRandomSeed)
    IsStartPKPressed                         0x08001a21   Thumb Code    50  game.o(.text.IsStartPKPressed)
    LCD_Clear                                0x08001a55   Thumb Code    48  stm324xg_lcd_ili9328.o(.text.LCD_Clear)
    LCD_DisplayDevID                         0x08001a85   Thumb Code    60  stm324xg_lcd_ili9328.o(.text.LCD_DisplayDevID)
    LCD_DisplayOn                            0x08001ac1   Thumb Code    28  stm324xg_lcd_ili9328.o(.text.LCD_DisplayOn)
    LCD_DisplayStringAt                      0x08001add   Thumb Code   104  stm324xg_lcd_ili9328.o(.text.LCD_DisplayStringAt)
    LCD_DisplayStringLineCol                 0x08001b45   Thumb Code    28  stm324xg_lcd_ili9328.o(.text.LCD_DisplayStringLineCol)
    LCD_DrawHLine                            0x08001c41   Thumb Code    68  stm324xg_lcd_ili9328.o(.text.LCD_DrawHLine)
    LCD_DrawPixel                            0x08001c85   Thumb Code    20  stm324xg_lcd_ili9328.o(.text.LCD_DrawPixel)
    LCD_DrawRect                             0x08001c99   Thumb Code    58  stm324xg_lcd_ili9328.o(.text.LCD_DrawRect)
    LCD_DrawVLine                            0x08001cd5   Thumb Code    72  stm324xg_lcd_ili9328.o(.text.LCD_DrawVLine)
    LCD_FSMCConfig                           0x08001d1d   Thumb Code   164  stm324xg_lcd_ili9328.o(.text.LCD_FSMCConfig)
    LCD_FillCircle                           0x08001dc1   Thumb Code   168  stm324xg_lcd_ili9328.o(.text.LCD_FillCircle)
    LCD_FillRect                             0x08001e69   Thumb Code    64  stm324xg_lcd_ili9328.o(.text.LCD_FillRect)
    LCD_Init                                 0x08001ea9   Thumb Code   176  stm324xg_lcd_ili9328.o(.text.LCD_Init)
    LCD_OpenWin                              0x08001f59   Thumb Code    96  stm324xg_lcd_ili9328.o(.text.LCD_OpenWin)
    LCD_Pixel_Height                         0x08001fb9   Thumb Code     4  stm324xg_lcd_ili9328.o(.text.LCD_Pixel_Height)
    LCD_Pixel_Width                          0x08001fbd   Thumb Code     6  stm324xg_lcd_ili9328.o(.text.LCD_Pixel_Width)
    LCD_SetBackColor                         0x08001fc5   Thumb Code    20  stm324xg_lcd_ili9328.o(.text.LCD_SetBackColor)
    LCD_SetFont                              0x08001fd9   Thumb Code    28  stm324xg_lcd_ili9328.o(.text.LCD_SetFont)
    LCD_SetTextColor                         0x08001ff5   Thumb Code    24  stm324xg_lcd_ili9328.o(.text.LCD_SetTextColor)
    PlayerSwing                              0x0800200d   Thumb Code   148  game.o(.text.PlayerSwing)
    RedrawFixedTexts                         0x08002151   Thumb Code   192  game.o(.text.RedrawFixedTexts)
    ResetCommonVars                          0x08002211   Thumb Code    44  game.o(.text.ResetCommonVars)
    ShowGameModeMenu                         0x0800223d   Thumb Code   152  game.o(.text.ShowGameModeMenu)
    ShowLegendEasterEgg                      0x080022d5   Thumb Code   204  main_samp.o(.text.ShowLegendEasterEgg)
    ShowPKEndOptions                         0x080023a1   Thumb Code   380  game.o(.text.ShowPKEndOptions)
    ShowPKModeIntro                          0x0800251d   Thumb Code   284  game.o(.text.ShowPKModeIntro)
    StartNewPitch                            0x08002639   Thumb Code   428  game.o(.text.StartNewPitch)
    SysTick_Handler                          0x080027e5   Thumb Code    48  user_defined.o(.text.SysTick_Handler)
    SystemInit                               0x08002815   Thumb Code    16  hardwaresystem_ini.o(.text.SystemInit)
    TS_GetState                              0x08002825   Thumb Code    72  touch_module.o(.text.TS_GetState)
    Touch_GetVal                             0x0800286d   Thumb Code    46  touch_module.o(.text.Touch_GetVal)
    Touch_SPIRead                            0x0800289d   Thumb Code    76  driver_spi.o(.text.Touch_SPIRead)
    Touch_SPIWrite                           0x080028e9   Thumb Code    96  driver_spi.o(.text.Touch_SPIWrite)
    UpdateBall                               0x08002949   Thumb Code  1172  game.o(.text.UpdateBall)
    UpdateBases                              0x08002ddd   Thumb Code    88  game.o(.text.UpdateBases)
    delay_ms                                 0x08002e35   Thumb Code    20  user_defined.o(.text.delay_ms)
    main                                     0x08002e49   Thumb Code   508  main_samp.o(.text.main)
    stm32f4_Hardware_Init                    0x0800309d   Thumb Code   216  hardwaresystem_ini.o(.text.stm32f4_Hardware_Init)
    __ARM_fpclassifyf                        0x08003175   Thumb Code    38  fpclassifyf.o(i.__ARM_fpclassifyf)
    __hardfp_sinf                            0x0800319d   Thumb Code   344  sinf.o(i.__hardfp_sinf)
    __mathlib_flt_infnan                     0x0800332d   Thumb Code     6  funder.o(i.__mathlib_flt_infnan)
    __mathlib_flt_invalid                    0x08003335   Thumb Code    10  funder.o(i.__mathlib_flt_invalid)
    __mathlib_flt_underflow                  0x08003345   Thumb Code    10  funder.o(i.__mathlib_flt_underflow)
    __mathlib_rredf2                         0x08003355   Thumb Code   316  rredf.o(i.__mathlib_rredf2)
    _is_digit                                0x080034a9   Thumb Code    14  __printf_wp.o(i._is_digit)
    __aeabi_d2f                              0x080034b9   Thumb Code     0  d2f.o(x$fpl$d2f)
    _d2f                                     0x080034b9   Thumb Code    98  d2f.o(x$fpl$d2f)
    __aeabi_i2d                              0x0800351b   Thumb Code     0  dflt_clz.o(x$fpl$dflt)
    _dflt                                    0x0800351b   Thumb Code    46  dflt_clz.o(x$fpl$dflt)
    __aeabi_dmul                             0x08003549   Thumb Code     0  dmul.o(x$fpl$dmul)
    _dmul                                    0x08003549   Thumb Code   332  dmul.o(x$fpl$dmul)
    __fpl_dnaninf                            0x0800369d   Thumb Code   156  dnaninf.o(x$fpl$dnaninf)
    __fpl_dretinf                            0x08003739   Thumb Code    12  dretinf.o(x$fpl$dretinf)
    _fp_init                                 0x08003745   Thumb Code    26  fpinit.o(x$fpl$fpinit)
    __fplib_config_fpu_vfp                   0x0800375d   Thumb Code     0  fpinit.o(x$fpl$fpinit)
    __fplib_config_pureend_doubles           0x0800375d   Thumb Code     0  fpinit.o(x$fpl$fpinit)
    __fpl_fretinf                            0x0800375f   Thumb Code    10  fretinf.o(x$fpl$fretinf)
    __I$use$fp                               0x08003768   Number         0  usenofp.o(x$fpl$usenofp)
    Font16_Table                             0x08003824   Data        3040  stm324xg_lcd_ili9328.o(.rodata.Font16_Table)
    Font20_Table                             0x08004404   Data        3800  stm324xg_lcd_ili9328.o(.rodata.Font20_Table)
    Font24_Table                             0x080052dc   Data        6840  stm324xg_lcd_ili9328.o(.rodata.Font24_Table)
    baseballImg                              0x08006da2   Data        2048  baseball.o(.rodata.baseballImg)
    batter                                   0x080075a2   Data        2000  baseball.o(.rodata.batter)
    Region$$Table$$Base                      0x08007dd8   Number         0  anon$$obj.o(Region$$Table)
    Region$$Table$$Limit                     0x08007df8   Number         0  anon$$obj.o(Region$$Table)
    Font20                                   0x20000008   Data           8  stm324xg_lcd_ili9328.o(.data..L_MergedGlobals)
    compRunTbl                               0x20000010   Data           4  game.o(.data..L_MergedGlobals)
    practiceMode                             0x20000014   Data           4  game.o(.data..L_MergedGlobals)
    lastTouchY                               0x20000018   Data           4  game.o(.data..L_MergedGlobals)
    prevBatX                                 0x2000001c   Data           4  game.o(.data..L_MergedGlobals)
    prevBatY                                 0x20000020   Data           4  game.o(.data..L_MergedGlobals)
    useLegendBatter                          0x20000024   Data           4  game.o(.data..L_MergedGlobals)
    speedMulTbl                              0x20000030   Data          16  game.o(.data..L_MergedGlobals)
    Font16                                   0x20000040   Data           8  stm324xg_lcd_ili9328.o(.data.Font16)
    Font24                                   0x20000048   Data           8  stm324xg_lcd_ili9328.o(.data.Font24)
    _random_number_data                      0x20000050   Data         228  rand.o(.bss)
    __libspace_start                         0x20000134   Data          96  libspace.o(.bss)
    SYS_Freq                                 0x20000194   Data           4  hardwaresystem_ini.o(.bss..L_MergedGlobals)
    __temporary_stack_top$libspace           0x20000194   Data           0  libspace.o(.bss)
    HCLK_Freq                                0x20000198   Data           4  hardwaresystem_ini.o(.bss..L_MergedGlobals)
    PCLK1_Freq                               0x2000019c   Data           4  hardwaresystem_ini.o(.bss..L_MergedGlobals)
    PCLK2_Freq                               0x200001a0   Data           4  hardwaresystem_ini.o(.bss..L_MergedGlobals)
    trig_PASS                                0x200001a4   Data           1  user_defined.o(.bss..L_MergedGlobals)
    trig_status                              0x200001a5   Data           1  user_defined.o(.bss..L_MergedGlobals)
    msTick                                   0x200001a8   Data           4  user_defined.o(.bss..L_MergedGlobals)
    HoldRequestTime                          0x200001ac   Data           4  user_defined.o(.bss..L_MergedGlobals)
    MyCounts                                 0x200001b0   Data           4  user_defined.o(.bss..L_MergedGlobals)
    debState                                 0x200001b4   Data          16  user_defined.o(.bss..L_MergedGlobals)
    waitCnt                                  0x200001c4   Data          16  user_defined.o(.bss..L_MergedGlobals)
    X1                                       0x200001d4   Data           4  touch_module.o(.bss..L_MergedGlobals)
    Xx                                       0x200001d8   Data           4  touch_module.o(.bss..L_MergedGlobals)
    Xy                                       0x200001dc   Data           4  touch_module.o(.bss..L_MergedGlobals)
    Y1                                       0x200001e0   Data           4  touch_module.o(.bss..L_MergedGlobals)
    Yy                                       0x200001e4   Data           4  touch_module.o(.bss..L_MergedGlobals)
    Yx                                       0x200001e8   Data           4  touch_module.o(.bss..L_MergedGlobals)
    gState                                   0x200001ec   Data           1  game.o(.bss..L_MergedGlobals.43)
    snakeFrame                               0x200001f0   Data           4  game.o(.bss..L_MergedGlobals.43)
    floatframe                               0x200001f4   Data           4  game.o(.bss..L_MergedGlobals.43)
    opponentLevel                            0x200001f8   Data           4  game.o(.bss..L_MergedGlobals.43)
    hitCount                                 0x200001fc   Data           4  game.o(.bss..L_MergedGlobals.43)
    pkButtonDrawn                            0x20000200   Data           4  game.o(.bss..L_MergedGlobals.43)
    playerOut                                0x20000204   Data           4  game.o(.bss..L_MergedGlobals.43)
    computerScore                            0x20000208   Data           4  game.o(.bss..L_MergedGlobals.43)
    showSwitchMessage                        0x2000020c   Data           4  game.o(.bss..L_MergedGlobals.43)
    waitAfterSwitch                          0x20000210   Data           4  game.o(.bss..L_MergedGlobals.43)
    swingFlag                                0x20000214   Data           4  game.o(.bss..L_MergedGlobals.43)
    swingTimer                               0x20000218   Data           4  game.o(.bss..L_MergedGlobals.43)
    ballInZone                               0x2000021c   Data           4  game.o(.bss..L_MergedGlobals.43)
    ballAlreadyHit                           0x20000220   Data           4  game.o(.bss..L_MergedGlobals.43)
    ballHitFly                               0x20000224   Data           4  game.o(.bss..L_MergedGlobals.43)
    score                                    0x20000228   Data           4  game.o(.bss..L_MergedGlobals.43)
    miss                                     0x2000022c   Data           4  game.o(.bss..L_MergedGlobals.43)
    batX                                     0x20000230   Data           4  game.o(.bss..L_MergedGlobals.43)
    batY                                     0x20000234   Data           4  game.o(.bss..L_MergedGlobals.43)
    playerScore                              0x20000238   Data           4  game.o(.bss..L_MergedGlobals.43)
    lastHitType                              0x2000023c   Data           4  game.o(.bss..L_MergedGlobals.43)
    hrPitchCount                             0x20000240   Data           4  game.o(.bss..L_MergedGlobals.43)
    hrScore                                  0x20000244   Data           4  game.o(.bss..L_MergedGlobals.43)
    hrSpecial                                0x20000248   Data           4  game.o(.bss..L_MergedGlobals.43)
    base                                     0x20000250   Data          12  game.o(.bss..L_MergedGlobals.43)
    lcd_id                                   0x2000025c   Data           2  stm324xg_lcd_ili9328.o(.bss..L_MergedGlobals.7)
    ltColor                                  0x20000264   Data           2  stm324xg_lcd_ili9328.o(.bss..L_MergedGlobals.7)
    lbColor                                  0x20000266   Data           2  stm324xg_lcd_ili9328.o(.bss..L_MergedGlobals.7)
    GPIO_backlight                           0x2000026c   Data           4  stm324xg_lcd_ili9328.o(.bss..L_MergedGlobals.7)
    GPIO_reset                               0x20000270   Data           4  stm324xg_lcd_ili9328.o(.bss..L_MergedGlobals.7)
    lFont                                    0x20000274   Data           4  stm324xg_lcd_ili9328.o(.bss..L_MergedGlobals.7)
    GRAM_mode                                0x20000278   Data           2  stm324xg_lcd_ili9328.o(.bss.GRAM_mode)
    currentBall                              0x2000027c   Data          24  game.o(.bss.currentBall)
    legendUnlocked                           0x20000294   Data           4  main_samp.o(.bss.legendUnlocked)



==============================================================================

Memory Map of the image

  Image Entry point : 0x08000275

  Load Region LR_1 (Base: 0x08000000, Size: 0x00007e48, Max: 0xffffffff, ABSOLUTE)

    Execution Region ER_RO (Exec base: 0x08000000, Load base: 0x08000000, Size: 0x00007df8, Max: 0xffffffff, ABSOLUTE)

    Exec Addr    Load Addr    Size         Type   Attr      Idx    E Section Name        Object

    0x08000000   0x08000000   0x00000188   Data   RO          392    RESET               startup_stm32f407xx.o
    0x08000188   0x08000188   0x00000008   Code   RO          482  * !!!main             c_w.l(__main.o)
    0x08000190   0x08000190   0x00000034   Code   RO          711    !!!scatter          c_w.l(__scatter.o)
    0x080001c4   0x080001c4   0x0000001a   Code   RO          713    !!handler_copy      c_w.l(__scatter_copy.o)
    0x080001de   0x080001de   0x00000002   PAD
    0x080001e0   0x080001e0   0x0000001c   Code   RO          715    !!handler_zi        c_w.l(__scatter_zi.o)
    0x080001fc   0x080001fc   0x00000000   Code   RO          472    .ARM.Collect$$_printf_percent$$00000000  c_w.l(_printf_percent.o)
    0x080001fc   0x080001fc   0x00000006   Code   RO          471    .ARM.Collect$$_printf_percent$$00000009  c_w.l(_printf_d.o)
    0x08000202   0x08000202   0x00000006   Code   RO          470    .ARM.Collect$$_printf_percent$$0000000C  c_w.l(_printf_x.o)
    0x08000208   0x08000208   0x00000006   Code   RO          469    .ARM.Collect$$_printf_percent$$00000014  c_w.l(_printf_s.o)
    0x0800020e   0x0800020e   0x00000004   Code   RO          517    .ARM.Collect$$_printf_percent$$00000017  c_w.l(_printf_percent_end.o)
    0x08000212   0x08000212   0x00000002   Code   RO          631    .ARM.Collect$$libinit$$00000000  c_w.l(libinit.o)
    0x08000214   0x08000214   0x00000004   Code   RO          518    .ARM.Collect$$libinit$$00000001  c_w.l(libinit2.o)
    0x08000218   0x08000218   0x00000000   Code   RO          521    .ARM.Collect$$libinit$$00000004  c_w.l(libinit2.o)
    0x08000218   0x08000218   0x00000000   Code   RO          524    .ARM.Collect$$libinit$$0000000A  c_w.l(libinit2.o)
    0x08000218   0x08000218   0x00000000   Code   RO          526    .ARM.Collect$$libinit$$0000000C  c_w.l(libinit2.o)
    0x08000218   0x08000218   0x00000004   Code   RO          527    .ARM.Collect$$libinit$$0000000D  c_w.l(libinit2.o)
    0x0800021c   0x0800021c   0x00000000   Code   RO          528    .ARM.Collect$$libinit$$0000000E  c_w.l(libinit2.o)
    0x0800021c   0x0800021c   0x00000000   Code   RO          531    .ARM.Collect$$libinit$$00000011  c_w.l(libinit2.o)
    0x0800021c   0x0800021c   0x00000000   Code   RO          533    .ARM.Collect$$libinit$$00000013  c_w.l(libinit2.o)
    0x0800021c   0x0800021c   0x00000000   Code   RO          535    .ARM.Collect$$libinit$$00000015  c_w.l(libinit2.o)
    0x0800021c   0x0800021c   0x00000000   Code   RO          537    .ARM.Collect$$libinit$$00000017  c_w.l(libinit2.o)
    0x0800021c   0x0800021c   0x00000000   Code   RO          539    .ARM.Collect$$libinit$$00000019  c_w.l(libinit2.o)
    0x0800021c   0x0800021c   0x00000000   Code   RO          541    .ARM.Collect$$libinit$$0000001B  c_w.l(libinit2.o)
    0x0800021c   0x0800021c   0x00000000   Code   RO          543    .ARM.Collect$$libinit$$0000001D  c_w.l(libinit2.o)
    0x0800021c   0x0800021c   0x00000000   Code   RO          545    .ARM.Collect$$libinit$$0000001F  c_w.l(libinit2.o)
    0x0800021c   0x0800021c   0x00000000   Code   RO          547    .ARM.Collect$$libinit$$00000021  c_w.l(libinit2.o)
    0x0800021c   0x0800021c   0x00000000   Code   RO          549    .ARM.Collect$$libinit$$00000023  c_w.l(libinit2.o)
    0x0800021c   0x0800021c   0x00000000   Code   RO          551    .ARM.Collect$$libinit$$00000025  c_w.l(libinit2.o)
    0x0800021c   0x0800021c   0x00000000   Code   RO          555    .ARM.Collect$$libinit$$0000002C  c_w.l(libinit2.o)
    0x0800021c   0x0800021c   0x00000000   Code   RO          557    .ARM.Collect$$libinit$$0000002E  c_w.l(libinit2.o)
    0x0800021c   0x0800021c   0x00000000   Code   RO          559    .ARM.Collect$$libinit$$00000030  c_w.l(libinit2.o)
    0x0800021c   0x0800021c   0x00000000   Code   RO          561    .ARM.Collect$$libinit$$00000032  c_w.l(libinit2.o)
    0x0800021c   0x0800021c   0x00000002   Code   RO          562    .ARM.Collect$$libinit$$00000033  c_w.l(libinit2.o)
    0x0800021e   0x0800021e   0x00000002   Code   RO          670    .ARM.Collect$$libshutdown$$00000000  c_w.l(libshutdown.o)
    0x08000220   0x08000220   0x00000000   Code   RO          678    .ARM.Collect$$libshutdown$$00000002  c_w.l(libshutdown2.o)
    0x08000220   0x08000220   0x00000000   Code   RO          680    .ARM.Collect$$libshutdown$$00000004  c_w.l(libshutdown2.o)
    0x08000220   0x08000220   0x00000000   Code   RO          683    .ARM.Collect$$libshutdown$$00000007  c_w.l(libshutdown2.o)
    0x08000220   0x08000220   0x00000000   Code   RO          686    .ARM.Collect$$libshutdown$$0000000A  c_w.l(libshutdown2.o)
    0x08000220   0x08000220   0x00000000   Code   RO          688    .ARM.Collect$$libshutdown$$0000000C  c_w.l(libshutdown2.o)
    0x08000220   0x08000220   0x00000000   Code   RO          691    .ARM.Collect$$libshutdown$$0000000F  c_w.l(libshutdown2.o)
    0x08000220   0x08000220   0x00000002   Code   RO          692    .ARM.Collect$$libshutdown$$00000010  c_w.l(libshutdown2.o)
    0x08000222   0x08000222   0x00000000   Code   RO          506    .ARM.Collect$$rtentry$$00000000  c_w.l(__rtentry.o)
    0x08000222   0x08000222   0x00000000   Code   RO          590    .ARM.Collect$$rtentry$$00000002  c_w.l(__rtentry2.o)
    0x08000222   0x08000222   0x00000006   Code   RO          602    .ARM.Collect$$rtentry$$00000004  c_w.l(__rtentry4.o)
    0x08000228   0x08000228   0x00000000   Code   RO          592    .ARM.Collect$$rtentry$$00000009  c_w.l(__rtentry2.o)
    0x08000228   0x08000228   0x00000004   Code   RO          593    .ARM.Collect$$rtentry$$0000000A  c_w.l(__rtentry2.o)
    0x0800022c   0x0800022c   0x00000000   Code   RO          595    .ARM.Collect$$rtentry$$0000000C  c_w.l(__rtentry2.o)
    0x0800022c   0x0800022c   0x00000008   Code   RO          596    .ARM.Collect$$rtentry$$0000000D  c_w.l(__rtentry2.o)
    0x08000234   0x08000234   0x00000002   Code   RO          636    .ARM.Collect$$rtexit$$00000000  c_w.l(rtexit.o)
    0x08000236   0x08000236   0x00000000   Code   RO          648    .ARM.Collect$$rtexit$$00000002  c_w.l(rtexit2.o)
    0x08000236   0x08000236   0x00000004   Code   RO          649    .ARM.Collect$$rtexit$$00000003  c_w.l(rtexit2.o)
    0x0800023a   0x0800023a   0x00000006   Code   RO          650    .ARM.Collect$$rtexit$$00000004  c_w.l(rtexit2.o)
    0x08000240   0x08000240   0x00000034   Code   RO          473    .emb_text           c_w.l(rand.o)
    0x08000274   0x08000274   0x00000040   Code   RO          393  * .text               startup_stm32f407xx.o
    0x080002b4   0x080002b4   0x00000028   Code   RO          418    .text               c_w.l(noretval__2sprintf.o)
    0x080002dc   0x080002dc   0x0000004e   Code   RO          422    .text               c_w.l(_printf_pad.o)
    0x0800032a   0x0800032a   0x00000052   Code   RO          424    .text               c_w.l(_printf_str.o)
    0x0800037c   0x0800037c   0x00000078   Code   RO          426    .text               c_w.l(_printf_dec.o)
    0x080003f4   0x080003f4   0x00000058   Code   RO          431    .text               c_w.l(_printf_hex_int.o)
    0x0800044c   0x0800044c   0x00000138   Code   RO          461    .text               c_w.l(__printf_flags_wp.o)
    0x08000584   0x08000584   0x0000003c   Code   RO          474    .text               c_w.l(rand.o)
    0x080005c0   0x080005c0   0x00000006   Code   RO          480    .text               c_w.l(heapauxi.o)
    0x080005c6   0x080005c6   0x00000016   Code   RO          507    .text               c_w.l(_rserrno.o)
    0x080005dc   0x080005dc   0x000000b2   Code   RO          509    .text               c_w.l(_printf_intcommon.o)
    0x0800068e   0x0800068e   0x00000002   PAD
    0x08000690   0x08000690   0x00000030   Code   RO          511    .text               c_w.l(_printf_char_common.o)
    0x080006c0   0x080006c0   0x0000000a   Code   RO          513    .text               c_w.l(_sputc.o)
    0x080006ca   0x080006ca   0x0000002c   Code   RO          515    .text               c_w.l(_printf_char.o)
    0x080006f6   0x080006f6   0x00000002   PAD
    0x080006f8   0x080006f8   0x00000008   Code   RO          607    .text               c_w.l(rt_errno_addr_intlibspace.o)
    0x08000700   0x08000700   0x00000008   Code   RO          615    .text               c_w.l(libspace.o)
    0x08000708   0x08000708   0x0000004a   Code   RO          618    .text               c_w.l(sys_stackheap_outer.o)
    0x08000752   0x08000752   0x00000012   Code   RO          620    .text               c_w.l(exit.o)
    0x08000764   0x08000764   0x00000002   Code   RO          644    .text               c_w.l(use_no_semi.o)
    0x08000766   0x08000766   0x00000000   Code   RO          646    .text               c_w.l(indicate_semi.o)
    0x08000766   0x08000766   0x00000002   PAD
    0x08000768   0x08000768   0x0000000c   Code   RO          660    .text               c_w.l(sys_exit.o)
    0x08000774   0x08000774   0x00000070   Code   RO          371    .text.Cal_GetXY     touch_module.o
    0x080007e4   0x080007e4   0x00000084   Code   RO          234    .text.ClearBallRegion  main_samp.o
    0x08000868   0x08000868   0x00000058   Code   RO           35    .text.Debounce      user_defined.o
    0x080008c0   0x080008c0   0x00000058   Code   RO          379    .text.Default_Calibration  touch_module.o
    0x08000918   0x08000918   0x00000022   Code   RO          334    .text.Delay_SPI     driver_spi.o
    0x0800093a   0x0800093a   0x0000004e   Code   RO          238    .text.DrawAudience  main_samp.o
    0x08000988   0x08000988   0x000000a4   Code   RO          280    .text.DrawBases     game.o
    0x08000a2c   0x08000a2c   0x00000048   Code   RO          286    .text.DrawBat       game.o
    0x08000a74   0x08000a74   0x00000334   Code   RO          290    .text.DrawFieldElements  game.o
    0x08000da8   0x08000da8   0x0000017e   Code   RO          240    .text.DrawLegendBatter  main_samp.o
    0x08000f26   0x08000f26   0x000000b8   Code   RO          264    .text.DrawPixelFieldBackground  game.o
    0x08000fde   0x08000fde   0x00000048   Code   RO          262    .text.DrawRGB565Image  game.o
    0x08001026   0x08001026   0x00000002   PAD
    0x08001028   0x08001028   0x00000044   Code   RO          282    .text.DrawStartPKButton  game.o
    0x0800106c   0x0800106c   0x00000130   Code   RO          324    .text.Driver_GPIO   driver_spi.o
    0x0800119c   0x0800119c   0x00000018   Code   RO          326    .text.Driver_SPICS  driver_spi.o
    0x080011b4   0x080011b4   0x00000050   Code   RO           37    .text.EXTI0_IRQHandler  user_defined.o
    0x08001204   0x08001204   0x00000038   Code   RO           62    .text.FSMC_NORSRAM_Extended_Timing_Init  stm32f4xx_fsmc.o
    0x0800123c   0x0800123c   0x00000074   Code   RO           56    .text.FSMC_NORSRAM_Init  stm32f4xx_fsmc.o
    0x080012b0   0x080012b0   0x0000003c   Code   RO           60    .text.FSMC_NORSRAM_Timing_Init  stm32f4xx_fsmc.o
    0x080012ec   0x080012ec   0x000000e4   Code   RO          124    .text.GPIO_AF12PPhigh  stm324xg_lcd_ili9328.o
    0x080013d0   0x080013d0   0x00000090   Code   RO          122    .text.GPIO_outPPhigh  stm324xg_lcd_ili9328.o
    0x08001460   0x08001460   0x00000264   Code   RO          300    .text.GameLoop      game.o
    0x080016c4   0x080016c4   0x00000030   Code   RO          236    .text.GetBGColor    main_samp.o
    0x080016f4   0x080016f4   0x00000050   Code   RO            6    .text.HAL_RCC_GetSysClockFreq  hardwaresystem_ini.o
    0x08001744   0x08001744   0x0000002c   Code   RO           45    .text.HoldCheck_per_4ms  user_defined.o
    0x08001770   0x08001770   0x000001d8   Code   RO          118    .text.ILI9328       stm324xg_lcd_ili9328.o
    0x08001948   0x08001948   0x00000074   Code   RO          298    .text.InitHRDerby   game.o
    0x080019bc   0x080019bc   0x00000040   Code   RO          270    .text.InitPKMode    game.o
    0x080019fc   0x080019fc   0x00000024   Code   RO          244    .text.InitRandomSeed  main_samp.o
    0x08001a20   0x08001a20   0x00000032   Code   RO          284    .text.IsStartPKPressed  game.o
    0x08001a52   0x08001a52   0x00000002   PAD
    0x08001a54   0x08001a54   0x00000030   Code   RO          130    .text.LCD_Clear     stm324xg_lcd_ili9328.o
    0x08001a84   0x08001a84   0x0000003c   Code   RO          114    .text.LCD_DisplayDevID  stm324xg_lcd_ili9328.o
    0x08001ac0   0x08001ac0   0x0000001c   Code   RO          132    .text.LCD_DisplayOn  stm324xg_lcd_ili9328.o
    0x08001adc   0x08001adc   0x00000068   Code   RO          154    .text.LCD_DisplayStringAt  stm324xg_lcd_ili9328.o
    0x08001b44   0x08001b44   0x0000001c   Code   RO          116    .text.LCD_DisplayStringLineCol  stm324xg_lcd_ili9328.o
    0x08001b60   0x08001b60   0x000000e0   Code   RO          156    .text.LCD_DisplayStringSegment  stm324xg_lcd_ili9328.o
    0x08001c40   0x08001c40   0x00000044   Code   RO          160    .text.LCD_DrawHLine  stm324xg_lcd_ili9328.o
    0x08001c84   0x08001c84   0x00000014   Code   RO          158    .text.LCD_DrawPixel  stm324xg_lcd_ili9328.o
    0x08001c98   0x08001c98   0x0000003a   Code   RO          166    .text.LCD_DrawRect  stm324xg_lcd_ili9328.o
    0x08001cd2   0x08001cd2   0x00000002   PAD
    0x08001cd4   0x08001cd4   0x00000048   Code   RO          162    .text.LCD_DrawVLine  stm324xg_lcd_ili9328.o
    0x08001d1c   0x08001d1c   0x000000a4   Code   RO          106    .text.LCD_FSMCConfig  stm324xg_lcd_ili9328.o
    0x08001dc0   0x08001dc0   0x000000a8   Code   RO          172    .text.LCD_FillCircle  stm324xg_lcd_ili9328.o
    0x08001e68   0x08001e68   0x00000040   Code   RO          170    .text.LCD_FillRect  stm324xg_lcd_ili9328.o
    0x08001ea8   0x08001ea8   0x000000b0   Code   RO          120    .text.LCD_Init      stm324xg_lcd_ili9328.o
    0x08001f58   0x08001f58   0x00000060   Code   RO          134    .text.LCD_OpenWin   stm324xg_lcd_ili9328.o
    0x08001fb8   0x08001fb8   0x00000004   Code   RO          104    .text.LCD_Pixel_Height  stm324xg_lcd_ili9328.o
    0x08001fbc   0x08001fbc   0x00000006   Code   RO          102    .text.LCD_Pixel_Width  stm324xg_lcd_ili9328.o
    0x08001fc2   0x08001fc2   0x00000002   PAD
    0x08001fc4   0x08001fc4   0x00000014   Code   RO          148    .text.LCD_SetBackColor  stm324xg_lcd_ili9328.o
    0x08001fd8   0x08001fd8   0x0000001c   Code   RO          126    .text.LCD_SetFont   stm324xg_lcd_ili9328.o
    0x08001ff4   0x08001ff4   0x00000018   Code   RO          146    .text.LCD_SetTextColor  stm324xg_lcd_ili9328.o
    0x0800200c   0x0800200c   0x00000094   Code   RO          294    .text.PlayerSwing   game.o
    0x080020a0   0x080020a0   0x000000b0   Code   RO          248    .text.RedrawFixedStartElements  main_samp.o
    0x08002150   0x08002150   0x000000c0   Code   RO          288    .text.RedrawFixedTexts  game.o
    0x08002210   0x08002210   0x0000002c   Code   RO          266    .text.ResetCommonVars  game.o
    0x0800223c   0x0800223c   0x00000098   Code   RO          296    .text.ShowGameModeMenu  game.o
    0x080022d4   0x080022d4   0x000000cc   Code   RO          242    .text.ShowLegendEasterEgg  main_samp.o
    0x080023a0   0x080023a0   0x0000017c   Code   RO          272    .text.ShowPKEndOptions  game.o
    0x0800251c   0x0800251c   0x0000011c   Code   RO          268    .text.ShowPKModeIntro  game.o
    0x08002638   0x08002638   0x000001ac   Code   RO          292    .text.StartNewPitch  game.o
    0x080027e4   0x080027e4   0x00000030   Code   RO           23    .text.SysTick_Handler  user_defined.o
    0x08002814   0x08002814   0x00000010   Code   RO            2    .text.SystemInit    hardwaresystem_ini.o
    0x08002824   0x08002824   0x00000048   Code   RO          369    .text.TS_GetState   touch_module.o
    0x0800286c   0x0800286c   0x0000002e   Code   RO          365    .text.Touch_GetVal  touch_module.o
    0x0800289a   0x0800289a   0x00000002   PAD
    0x0800289c   0x0800289c   0x0000004c   Code   RO          336    .text.Touch_SPIRead  driver_spi.o
    0x080028e8   0x080028e8   0x00000060   Code   RO          338    .text.Touch_SPIWrite  driver_spi.o
    0x08002948   0x08002948   0x00000494   Code   RO          274    .text.UpdateBall    game.o
    0x08002ddc   0x08002ddc   0x00000058   Code   RO          278    .text.UpdateBases   game.o
    0x08002e34   0x08002e34   0x00000014   Code   RO           25    .text.delay_ms      user_defined.o
    0x08002e48   0x08002e48   0x000001fc   Code   RO          246    .text.main          main_samp.o
    0x08003044   0x08003044   0x00000044   Code   RO           12    .text.my_getHCLKFreq  hardwaresystem_ini.o
    0x08003088   0x08003088   0x00000014   Code   RO           10    .text.my_getPCLKx_Freq  hardwaresystem_ini.o
    0x0800309c   0x0800309c   0x000000d8   Code   RO            8    .text.stm32f4_Hardware_Init  hardwaresystem_ini.o
    0x08003174   0x08003174   0x00000026   Code   RO          570    i.__ARM_fpclassifyf  m_wm.l(fpclassifyf.o)
    0x0800319a   0x0800319a   0x00000002   PAD
    0x0800319c   0x0800319c   0x00000190   Code   RO          494    i.__hardfp_sinf     m_wm.l(sinf.o)
    0x0800332c   0x0800332c   0x00000006   Code   RO          573    i.__mathlib_flt_infnan  m_wm.l(funder.o)
    0x08003332   0x08003332   0x00000002   PAD
    0x08003334   0x08003334   0x00000010   Code   RO          575    i.__mathlib_flt_invalid  m_wm.l(funder.o)
    0x08003344   0x08003344   0x00000010   Code   RO          578    i.__mathlib_flt_underflow  m_wm.l(funder.o)
    0x08003354   0x08003354   0x00000154   Code   RO          586    i.__mathlib_rredf2  m_wm.l(rredf.o)
    0x080034a8   0x080034a8   0x0000000e   Code   RO          459    i._is_digit         c_w.l(__printf_wp.o)
    0x080034b6   0x080034b6   0x00000002   PAD
    0x080034b8   0x080034b8   0x00000062   Code   RO          484    x$fpl$d2f           fz_wm.l(d2f.o)
    0x0800351a   0x0800351a   0x0000002e   Code   RO          487    x$fpl$dflt          fz_wm.l(dflt_clz.o)
    0x08003548   0x08003548   0x00000154   Code   RO          492    x$fpl$dmul          fz_wm.l(dmul.o)
    0x0800369c   0x0800369c   0x0000009c   Code   RO          563    x$fpl$dnaninf       fz_wm.l(dnaninf.o)
    0x08003738   0x08003738   0x0000000c   Code   RO          565    x$fpl$dretinf       fz_wm.l(dretinf.o)
    0x08003744   0x08003744   0x0000001a   Code   RO          613    x$fpl$fpinit        fz_wm.l(fpinit.o)
    0x0800375e   0x0800375e   0x0000000a   Code   RO          567    x$fpl$fretinf       fz_wm.l(fretinf.o)
    0x08003768   0x08003768   0x00000000   Code   RO          569    x$fpl$usenofp       fz_wm.l(usenofp.o)
    0x08003768   0x08003768   0x00000028   Data   RO          432    .constdata          c_w.l(_printf_hex_int.o)
    0x08003790   0x08003790   0x00000011   Data   RO          462    .constdata          c_w.l(__printf_flags_wp.o)
    0x080037a1   0x080037a1   0x00000003   PAD
    0x080037a4   0x080037a4   0x00000020   Data   RO          587    .constdata          m_wm.l(rredf.o)
    0x080037c4   0x080037c4   0x00000060   Data   RO          252    .rodata..L__const.ShowStartScreen.path  main_samp.o
    0x08003824   0x08003824   0x00000be0   Data   RO          218    .rodata.Font16_Table  stm324xg_lcd_ili9328.o
    0x08004404   0x08004404   0x00000ed8   Data   RO          220    .rodata.Font20_Table  stm324xg_lcd_ili9328.o
    0x080052dc   0x080052dc   0x00001ab8   Data   RO          221    .rodata.Font24_Table  stm324xg_lcd_ili9328.o
    0x08006d94   0x08006d94   0x0000000e   Data   RO          305    .rodata.UpdateBall.trailColors  game.o
    0x08006da2   0x08006da2   0x00000800   Data   RO          316    .rodata.baseballImg  baseball.o
    0x080075a2   0x080075a2   0x000007d0   Data   RO          318    .rodata.batter      baseball.o
    0x08007d72   0x08007d72   0x00000011   Data   RO          251    .rodata.str1.1      main_samp.o
    0x08007d83   0x08007d83   0x00000055   Data   RO          304    .rodata.str1.1      game.o
    0x08007dd8   0x08007dd8   0x00000020   Data   RO          710    Region$$Table       anon$$obj.o


    Execution Region ER_RW (Exec base: 0x20000000, Load base: 0x08007df8, Size: 0x00000050, Max: 0xffffffff, ABSOLUTE)

    Exec Addr    Load Addr    Size         Type   Attr      Idx    E Section Name        Object

    0x20000000   0x08007df8   0x00000010   Data   RW          224    .data..L_MergedGlobals  stm324xg_lcd_ili9328.o
    0x20000010   0x08007e08   0x00000030   Data   RW          306    .data..L_MergedGlobals  game.o
    0x20000040   0x08007e38   0x00000008   Data   RW          219    .data.Font16        stm324xg_lcd_ili9328.o
    0x20000048   0x08007e40   0x00000008   Data   RW          222    .data.Font24        stm324xg_lcd_ili9328.o


    Execution Region ER_ZI (Exec base: 0x20000050, Load base: 0x08007e48, Size: 0x00000848, Max: 0xffffffff, ABSOLUTE)

    Exec Addr    Load Addr    Size         Type   Attr      Idx    E Section Name        Object

    0x20000050        -       0x000000e4   Zero   RW          475    .bss                c_w.l(rand.o)
    0x20000134        -       0x00000060   Zero   RW          616    .bss                c_w.l(libspace.o)
    0x20000194        -       0x00000010   Zero   RW           14    .bss..L_MergedGlobals  hardwaresystem_ini.o
    0x200001a4        -       0x00000030   Zero   RW           47    .bss..L_MergedGlobals  user_defined.o
    0x200001d4        -       0x00000018   Zero   RW          382    .bss..L_MergedGlobals  touch_module.o
    0x200001ec        -       0x00000070   Zero   RW          307    .bss..L_MergedGlobals.43  game.o
    0x2000025c        -       0x0000001c   Zero   RW          225    .bss..L_MergedGlobals.7  stm324xg_lcd_ili9328.o
    0x20000278        -       0x00000002   Zero   RW          223    .bss.GRAM_mode      stm324xg_lcd_ili9328.o
    0x2000027a   0x08007e48   0x00000002   PAD
    0x2000027c        -       0x00000018   Zero   RW          303    .bss.currentBall    game.o
    0x20000294        -       0x00000004   Zero   RW          250    .bss.legendUnlocked  main_samp.o
    0x20000298        -       0x00000200   Zero   RW          391    HEAP                startup_stm32f407xx.o
    0x20000498        -       0x00000400   Zero   RW          390    STACK               startup_stm32f407xx.o


==============================================================================

Image component sizes


      Code (inc. data)   RO Data    RW Data    ZI Data      Debug   Object Name

         0          0       4048          0          0        569   baseball.o
       534         28          0          0          0       3891   driver_spi.o
      5110        662         99         48        136      12691   game.o
       400         84          0          0         16       4200   hardwaresystem_ini.o
      1564        100        113          0          4       8102   main_samp.o
        64         26        392          0       1536        912   startup_stm32f407xx.o
      2304         84      13680         32         30      32798   stm324xg_lcd_ili9328.o
       232         12          0          0          0       8172   stm32f4xx_fsmc.o
       318         20          0          0         24       4850   touch_module.o
       280         40          0          0         48       4749   user_defined.o

    ----------------------------------------------------------------------
     10816       1056      18364         80       1796      80934   Object Totals
         0          0         32          0          0          0   (incl. Generated)
        10          0          0          0          2          0   (incl. Padding)

    ----------------------------------------------------------------------

      Code (inc. data)   RO Data    RW Data    ZI Data      Debug   Library Member Name

         8          0          0          0          0         68   __main.o
       312          4         17          0          0         92   __printf_flags_wp.o
        14          0          0          0          0         68   __printf_wp.o
         0          0          0          0          0          0   __rtentry.o
        12          0          0          0          0          0   __rtentry2.o
         6          0          0          0          0          0   __rtentry4.o
        52          8          0          0          0          0   __scatter.o
        26          0          0          0          0          0   __scatter_copy.o
        28          0          0          0          0          0   __scatter_zi.o
        44          0          0          0          0        108   _printf_char.o
        48          6          0          0          0         96   _printf_char_common.o
         6          0          0          0          0          0   _printf_d.o
       120         16          0          0          0         92   _printf_dec.o
        88          4         40          0          0         88   _printf_hex_int.o
       178          0          0          0          0         88   _printf_intcommon.o
        78          0          0          0          0        108   _printf_pad.o
         0          0          0          0          0          0   _printf_percent.o
         4          0          0          0          0          0   _printf_percent_end.o
         6          0          0          0          0          0   _printf_s.o
        82          0          0          0          0         80   _printf_str.o
         6          0          0          0          0          0   _printf_x.o
        22          0          0          0          0        100   _rserrno.o
        10          0          0          0          0         68   _sputc.o
        18          0          0          0          0         80   exit.o
         6          0          0          0          0        152   heapauxi.o
         0          0          0          0          0          0   indicate_semi.o
         2          0          0          0          0          0   libinit.o
        10          0          0          0          0          0   libinit2.o
         2          0          0          0          0          0   libshutdown.o
         2          0          0          0          0          0   libshutdown2.o
         8          4          0          0         96         68   libspace.o
        40          6          0          0          0         84   noretval__2sprintf.o
       112         18          0          0        228        160   rand.o
         8          4          0          0          0         68   rt_errno_addr_intlibspace.o
         2          0          0          0          0          0   rtexit.o
        10          0          0          0          0          0   rtexit2.o
        12          4          0          0          0         68   sys_exit.o
        74          0          0          0          0         80   sys_stackheap_outer.o
         2          0          0          0          0         68   use_no_semi.o
        98          4          0          0          0        140   d2f.o
        46          0          0          0          0        116   dflt_clz.o
       340         12          0          0          0        152   dmul.o
       156          4          0          0          0        140   dnaninf.o
        12          0          0          0          0        116   dretinf.o
        26          0          0          0          0        116   fpinit.o
        10          0          0          0          0        116   fretinf.o
         0          0          0          0          0          0   usenofp.o
        38          0          0          0          0        116   fpclassifyf.o
        38         12          0          0          0        348   funder.o
       340         24         32          0          0        160   rredf.o
       400         56          0          0          0        212   sinf.o

    ----------------------------------------------------------------------
      2976        186         92          0        324       3616   Library Totals
        14          0          3          0          0          0   (incl. Padding)

    ----------------------------------------------------------------------

      Code (inc. data)   RO Data    RW Data    ZI Data      Debug   Library Name

      1458         74         57          0        324       1884   c_w.l
       688         20          0          0          0        896   fz_wm.l
       816         92         32          0          0        836   m_wm.l

    ----------------------------------------------------------------------
      2976        186         92          0        324       3616   Library Totals

    ----------------------------------------------------------------------

==============================================================================


      Code (inc. data)   RO Data    RW Data    ZI Data      Debug   

     13792       1242      18456         80       2120      82402   Grand Totals
     13792       1242      18456         80       2120      82402   ELF Image Totals
     13792       1242      18456         80          0          0   ROM Totals

==============================================================================

    Total RO  Size (Code + RO Data)                32248 (  31.49kB)
    Total RW  Size (RW Data + ZI Data)              2200 (   2.15kB)
    Total ROM Size (Code + RO Data + RW Data)      32328 (  31.57kB)

==============================================================================

